{[I"-5cd337198ead0768975610a135e26257153198c7:ETI"V*{"test_output":"[{\"className\":\"SimpleHiddenTest\",\"methodName\":\"testMultiply\",\"pointNames\":[\"both-test-files\",\"mul\"],\"status\":\"PASSED\"},{\"className\":\"SimpleTest\",\"methodName\":\"testAdd\",\"pointNames\":[\"simpletest-all\",\"both-test-files\",\"addsub\"],\"status\":\"PASSED\"},{\"className\":\"SimpleTest\",\"methodName\":\"testSubtract\",\"pointNames\":[\"simpletest-all\",\"both-test-files\",\"addsub\",\"justsub\"],\"status\":\"PASSED\"},{\"className\":\"SimpleTest\",\"methodName\":\"testEmptyMethod\",\"pointNames\":[\"simpletest-all\",\"both-test-files\"],\"status\":\"PASSED\"}]","stdout":"","stderr":"","valgrind":"","validations":"{\"strategy\":\"DISABLED\",\"validationErrors\":{}}","vm_log":"[0.006382] Checking that ptrace can change system call numbers...Core dump limits :\n[0.006469] \tsoft - 0\n[0.006481] \thard - NONE\n[0.006512] OK\n[0.006891] Checking syscall emulation patch for ptrace...Core dump limits :\n[0.006913] \tsoft - 0\n[0.006916] \thard - NONE\n[0.006939] OK\n[0.008793] Checking advanced syscall emulation patch for ptrace...Core dump limits :\n[0.008812] \tsoft - 0\n[0.008816] \thard - NONE\n[0.008840] OK\n[0.009013] Core dump limits :\n[0.009028] \tsoft - 0\n[0.009032] \thard - NONE\n[0.009036] Checking for tmpfs mount on /dev/shm.../run/shm...OK\n[0.009316] Checking PROT_EXEC mmap in /dev/shm/...OK\n[0.009359] Checking for the skas3 patch in the host:\n[0.009408]   - /proc/mm...not found: No such file or directory\n[0.009578]   - PTRACE_FAULTINFO...not found\n[0.009693] OK\n[0.009875]   - PTRACE_LDT...not found\n[0.009995] OK\n[0.012553] OK\n[0.012570] UML running in SKAS0 mode\n[0.012574] Adding 4734976 bytes to physical memory to account for exec-shield gap\n[0.121498] Linux version 3.11.10 (root@tmc) (gcc version 4.8.2 (Ubuntu 4.8.2-19ubuntu1) ) #1 Sun Aug 2 20:07:19 CEST 2015\n[0.121548] Built 1 zonelists in Zone order, mobility grouping on.  Total pages: 65780\n[0.121566] Kernel command line: initrd=/home/tmc/tmc-server/ext/tmc-sandbox/uml/output/initrd.img mem=256M uml_dir=/home/tmc/tmc-server/ext/tmc-sandbox/web/work/uml ubdarc=/home/tmc/tmc-server/ext/tmc-sandbox/uml/output/rootfs.squashfs ubdbr=/home/tmc/tmc-server/ext/tmc-sandbox/web/work/0/task.tar ubdc=/home/tmc/tmc-server/ext/tmc-sandbox/web/work/0/output.tar eth0=tuntap,tap_tmc0,,192.168.100.1 con=null,fd:1 root=98:0\n[0.121581] PID hash table entries: 2048 (order: 2, 16384 bytes)\n[0.121612] Dentry cache hash table entries: 65536 (order: 7, 524288 bytes)\n[0.121627] Inode-cache hash table entries: 32768 (order: 6, 262144 bytes)\n[0.121640] Sorting __ex_table...\n[0.121660] Memory: 249780K/266768K available (2100K kernel code, 188K rwdata, 1040K rodata, 97K init, 137K bss, 16988K reserved)\n[0.121679] NR_IRQS:15\n[0.121699] Calibrating delay loop... 5658.21 BogoMIPS (lpj=28291072)\n[0.121720] pid_max: default: 32768 minimum: 301\n[0.121735] Mount-cache hash table entries: 256\n[0.121759] Checking that host ptys support output SIGIO...Yes\n[0.121773] Checking that host ptys support SIGIO on close...No, enabling workaround\n[0.121786] Using 2.6 host AIO\n[0.121800] NET: Registered protocol family 16\n[0.121818] bio: create slab <bio-0> at 0\n[0.121833] Switched to clocksource itimer\n[0.121846] NET: Registered protocol family 2\n[0.121868] TCP established hash table entries: 4096 (order: 4, 65536 bytes)\n[0.121887] TCP bind hash table entries: 4096 (order: 3, 32768 bytes)\n[0.121901] TCP: Hash tables configured (established 4096 bind 4096)\n[0.121914] TCP: reno registered\n[0.121936] UDP hash table entries: 256 (order: 1, 8192 bytes)\n[0.121950] UDP-Lite hash table entries: 256 (order: 1, 8192 bytes)\n[0.121964] NET: Registered protocol family 1\n[0.121977] Unpacking initramfs...\n[0.121991] Freeing initrd memory: 588K (0000000061393000 - 0000000061426000)\n[0.122008] squashfs: version 4.0 (2009/01/31) Phillip Lougher\n[0.122027] aufs 3.11-20141208\n[0.122042] msgmni has been set to 489\n[0.122056] io scheduler noop registered\n[0.122069] io scheduler deadline registered\n[0.122082] io scheduler cfq registered (default)\n[0.122096] loop: module loaded\n[0.122116] TCP: cubic registered\n[0.122129] NET: Registered protocol family 17\n[0.122143] Initialized stdio console driver\n[0.122156] Console initialized on /dev/tty0\n[0.122172] console [tty0] enabled\n[0.122197] Initializing software serial port version 1\n[0.123164] Not locking \"/home/tmc/tmc-server/ext/tmc-sandbox/uml/output/rootfs.squashfs\" on the host\n[0.123748]  ubda: unknown partition table\n[0.124471]  ubdb: unknown partition table\n[0.125095]  ubdc: unknown partition table\n[0.125177] Choosing a random ethernet address for device eth0\n[0.125247] Netdevice 0 (42:74:78:bd:75:05) : \n[0.125281] TUN/TAP backend - IP = 192.168.100.1\n[0.161758] TMC customized initrd starting\r\n[0.182034] Not locking \"/home/tmc/tmc-server/ext/tmc-sandbox/uml/output/rootfs.squashfs\" on the host\n[0.208729] aufs test_add:305:mount[259]: uid/gid/perm /ro 0/0/0755, 0/0/01777\n[0.245529] Entering tmc-init\r\n[0.376995] warning: can't open /etc/fstab: No such file or directory\r\n[0.763230] Setting up network on TAP device with IP 192.168.100.1\r\n[0.821560] Using internal IP address 192.168.100.2\r\n[1.130910] Starting tmc-run\r\n[1.260672] Setting error_msg_locale\r\n[1.468697] Total RAM: 250368KB\r\n[1.565608] RAM used by ramdisk initially: 22356 KB\r\n[1.565828] Project type: java_simple\r\n[1.575103] Files in /tmc:\r\n[1.596039] .:\r\n[1.597118] total 16\r\n[1.597848] drwxrwxr-x  6 tmc  tmc   180 Sep  4 07:08 .\r\n[1.597860] drwxrwxrwt 28 root root  220 Sep  4 07:08 ..\r\n[1.597872] drwxrwxr-x  2 tmc  tmc   600 Sep  4 07:08 checkstyle-runner\r\n[1.597921] -rw-rw-r--  1 tmc  tmc    32 Sep  4 07:08 .gitignore\r\n[1.597936] drwxrwxr-x  3 tmc  tmc   100 Sep  4 07:08 lib\r\n[1.598014] drwxrwxr-x  2 tmc  tmc    60 Sep  4 07:08 src\r\n[1.598028] drwxrwxr-x  2 tmc  tmc    80 Sep  4 07:08 test\r\n[1.598102] -rw-rw-r--  1 tmc  tmc    52 Sep  4 07:08 .tmcparams\r\n[1.598142] -rwxrwxr-x  1 tmc  tmc  6764 Sep  4 07:08 tmc-run\r\n[1.598295] \r\n[1.598306] ./checkstyle-runner:\r\n[1.600143] total 21428\r\n[1.600154] drwxrwxr-x 2 tmc tmc     600 Sep  4 07:08 .\r\n[1.600175] drwxrwxr-x 6 tmc tmc     180 Sep  4 07:08 ..\r\n[1.600185] -rw-rw-r-- 1 tmc tmc  445288 Sep  4 07:08 antlr-2.7.7.jar\r\n[1.600258] -rw-rw-r-- 1 tmc tmc  660403 Sep  4 07:08 checkstyle-5.7.jar\r\n[1.600281] -rw-rw-r-- 1 tmc tmc  206711 Sep  4 07:08 commons-beanutils-core-1.8.3.jar\r\n[1.600347] -rw-rw-r-- 1 tmc tmc   41123 Sep  4 07:08 commons-cli-1.2.jar\r\n[1.600374] -rw-rw-r-- 1 tmc tmc  185140 Sep  4 07:08 commons-io-2.4.jar\r\n[1.600437] -rw-rw-r-- 1 tmc tmc   60686 Sep  4 07:08 commons-logging-1.1.1.jar\r\n[1.600476] -rw-rw-r-- 1 tmc tmc 2003263 Sep  4 07:08 guava-jdk5-14.0.1.jar\r\n[1.600532] -rw-rw-r-- 1 tmc tmc   45024 Sep  4 07:08 hamcrest-core-1.3.jar\r\n[1.600588] -rw-rw-r-- 1 tmc tmc   38605 Sep  4 07:08 jackson-annotations-2.4.0.jar\r\n[1.600704] -rw-rw-r-- 1 tmc tmc  225356 Sep  4 07:08 jackson-core-2.4.1.1.jar\r\n[1.600731] -rw-rw-r-- 1 tmc tmc 1074135 Sep  4 07:08 jackson-databind-2.4.1.3.jar\r\n[1.600744] -rw-rw-r-- 1 tmc tmc  324650 Sep  4 07:08 jackson-dataformat-yaml-2.4.1.jar\r\n[1.600811] -rw-rw-r-- 1 tmc tmc  714194 Sep  4 07:08 javassist-3.18.1-GA.jar\r\n[1.600833] -rw-rw-r-- 1 tmc tmc  245039 Sep  4 07:08 junit-4.11.jar\r\n[1.600916] -rw-rw-r-- 1 tmc tmc  489884 Sep  4 07:08 log4j-1.2.17.jar\r\n[1.600937] -rw-rw-r-- 1 tmc tmc 1581066 Sep  4 07:08 mockito-all-1.9.5.jar\r\n[1.600995] -rw-rw-r-- 1 tmc tmc   41755 Sep  4 07:08 objenesis-2.1.jar\r\n[1.601041] -rw-rw-r-- 1 tmc tmc   69751 Sep  4 07:08 powermock-api-mockito-1.5.4.jar\r\n[1.601072] -rw-rw-r-- 1 tmc tmc   18547 Sep  4 07:08 powermock-api-support-1.5.4.jar\r\n[1.601110] -rw-rw-r-- 1 tmc tmc   83895 Sep  4 07:08 powermock-core-1.5.4.jar\r\n[1.601151] -rw-rw-r-- 1 tmc tmc   23755 Sep  4 07:08 powermock-module-junit4-1.5.4.jar\r\n[1.601167] -rw-rw-r-- 1 tmc tmc   13509 Sep  4 07:08 powermock-module-junit4-common-1.5.4.jar\r\n[1.601239] -rw-rw-r-- 1 tmc tmc   43262 Sep  4 07:08 powermock-reflect-1.5.4.jar\r\n[1.601277] -rw-rw-r-- 1 tmc tmc   29257 Sep  4 07:08 slf4j-api-1.7.7.jar\r\n[1.601314] -rw-rw-r-- 1 tmc tmc    8870 Sep  4 07:08 slf4j-log4j12-1.7.7.jar\r\n[1.601340] -rw-rw-r-- 1 tmc tmc   18109 Sep  4 07:08 system-rules-1.5.0.jar\r\n[1.601404] -rw-rw-r-- 1 tmc tmc 5804816 Sep  4 07:08 tmc-checkstyle-runner.jar\r\n[1.601460] -rw-r--r-- 1 tmc tmc 7374386 Sep  4 07:08 tools.jar\r\n[1.601527] \r\n[1.601533] ./lib:\r\n[1.601893] total 268\r\n[1.601915] drwxrwxr-x 3 tmc tmc    100 Sep  4 07:08 .\r\n[1.601979] drwxrwxr-x 6 tmc tmc    180 Sep  4 07:08 ..\r\n[1.602035] -rw-rw-r-- 1 tmc tmc  18996 Sep  4 07:08 edu-test-utils.jar\r\n[1.602101] -rw-rw-r-- 1 tmc tmc 253160 Sep  4 07:08 junit-4.10.jar\r\n[1.602113] drwxrwxr-x 2 tmc tmc    120 Sep  4 07:08 testrunner\r\n[1.602200] \r\n[1.602206] ./lib/testrunner:\r\n[1.602620] total 500\r\n[1.602651] drwxrwxr-x 2 tmc tmc    120 Sep  4 07:08 .\r\n[1.602710] drwxrwxr-x 3 tmc tmc    100 Sep  4 07:08 ..\r\n[1.602773] -rw-rw-r-- 1 tmc tmc 190432 Sep  4 07:08 gson-2.2.4.jar\r\n[1.602834] -rw-rw-r-- 1 tmc tmc  45024 Sep  4 07:08 hamcrest-core-1.3.jar\r\n[1.602851] -rw-rw-r-- 1 tmc tmc 245039 Sep  4 07:08 junit-4.11.jar\r\n[1.602874] -rw-rw-r-- 1 tmc tmc  27709 Sep  4 07:08 tmc-junit-runner.jar\r\n[1.602951] \r\n[1.602957] ./src:\r\n[1.603199] total 4\r\n[1.603238] drwxrwxr-x 2 tmc tmc  60 Sep  4 07:08 .\r\n[1.603259] drwxrwxr-x 6 tmc tmc 180 Sep  4 07:08 ..\r\n[1.603331] -rw-rw-r-- 1 tmc tmc 598 Sep  4 07:08 SimpleStuff.java\r\n[1.603396] \r\n[1.603408] ./test:\r\n[1.603701] total 8\r\n[1.603740] drwxrwxr-x 2 tmc tmc  80 Sep  4 07:08 .\r\n[1.603782] drwxrwxr-x 6 tmc tmc 180 Sep  4 07:08 ..\r\n[1.603803] -rw-rw-r-- 1 tmc tmc 402 Sep  4 07:08 SimpleHiddenTest.java\r\n[1.603871] -rw-rw-r-- 1 tmc tmc 646 Sep  4 07:08 SimpleTest.java\r\n[1.604967] Compiling project...\r\n[1.837911] RAM used by ramdisk: 22356 KB\r\n[1.838097] RAM for sandbox: 32768 KB\r\n[1.838169] RAM for program: 195244 KB\r\n[6.694637] Running tests...\r\n[10.406428] 2015-09-04 07:08:20,930 [main] INFO  fi.helsinki.cs.tmc.stylerunner.configuration.TMCCheckstyleConfiguration - Configuration file not found, searching for custom default configuration.\r\n[10.406634] 2015-09-04 07:08:20,932 [main] INFO  fi.helsinki.cs.tmc.stylerunner.configuration.TMCCheckstyleConfiguration - Custom configuration not found, using default configuration.\r\n[15.038037] tmc-run completed successfully\r\n[15.055715] Completed tmc-run. Exit code: 0\r\n[15.185709] Shutting down...\r\n[15.190058] reboot: System halted\n[15.190615] \n","token":"1697763276639472234197126345204187367266249249815587999782097658631870744946927266135939447597526009","status":"finished","exit_code":"0"}; TI"€cf83e1357eefb8bdf1542850d66d8007d620e4050b5715dc83f4a921d36ce9ce47d0d13c5d85f2b0ff8318d2877eec2f63b931bd47417a81a538327af927da3e; TI"W*{"test_output":"[{\"className\":\"SimpleHiddenTest\",\"methodName\":\"testMultiply\",\"pointNames\":[\"both-test-files\",\"mul\"],\"status\":\"PASSED\"},{\"className\":\"SimpleTest\",\"methodName\":\"testAdd\",\"pointNames\":[\"simpletest-all\",\"both-test-files\",\"addsub\"],\"status\":\"PASSED\"},{\"className\":\"SimpleTest\",\"methodName\":\"testSubtract\",\"pointNames\":[\"simpletest-all\",\"both-test-files\",\"addsub\",\"justsub\"],\"status\":\"PASSED\"},{\"className\":\"SimpleTest\",\"methodName\":\"testEmptyMethod\",\"pointNames\":[\"simpletest-all\",\"both-test-files\"],\"status\":\"PASSED\"}]","stdout":"","stderr":"","valgrind":"","validations":"{\"strategy\":\"DISABLED\",\"validationErrors\":{}}","vm_log":"[0.006655] Checking that ptrace can change system call numbers...Core dump limits :\n[0.006743] \tsoft - 0\n[0.006755] \thard - NONE\n[0.006779] OK\n[0.006912] Checking syscall emulation patch for ptrace...Core dump limits :\n[0.006930] \tsoft - 0\n[0.006944] \thard - NONE\n[0.007027] OK\n[0.008028] Checking advanced syscall emulation patch for ptrace...Core dump limits :\n[0.008044] \tsoft - 0\n[0.008048] \thard - NONE\n[0.008059] OK\n[0.008288] Core dump limits :\n[0.008294] \tsoft - 0\n[0.008297] \thard - NONE\n[0.008306] Checking for tmpfs mount on /dev/shm.../run/shm...OK\n[0.008516] Checking PROT_EXEC mmap in /dev/shm/...OK\n[0.008579] Checking for the skas3 patch in the host:\n[0.008597]   - /proc/mm...not found: No such file or directory\n[0.008734]   - PTRACE_FAULTINFO...not found\n[0.008792] OK\n[0.009006]   - PTRACE_LDT...not found\n[0.009064] OK\n[0.012017] OK\n[0.012041] UML running in SKAS0 mode\n[0.012052] Adding 27619328 bytes to physical memory to account for exec-shield gap\n[0.134987] Linux version 3.11.10 (root@tmc) (gcc version 4.8.2 (Ubuntu 4.8.2-19ubuntu1) ) #1 Sun Aug 2 20:07:19 CEST 2015\n[0.135011] Built 1 zonelists in Zone order, mobility grouping on.  Total pages: 71290\n[0.135015] Kernel command line: initrd=/home/tmc/tmc-server/ext/tmc-sandbox/uml/output/initrd.img mem=256M uml_dir=/home/tmc/tmc-server/ext/tmc-sandbox/web/work/uml ubdarc=/home/tmc/tmc-server/ext/tmc-sandbox/uml/output/rootfs.squashfs ubdbr=/home/tmc/tmc-server/ext/tmc-sandbox/web/work/0/task.tar ubdc=/home/tmc/tmc-server/ext/tmc-sandbox/web/work/0/output.tar eth0=tuntap,tap_tmc0,,192.168.100.1 con=null,fd:1 root=98:0\n[0.135029] PID hash table entries: 2048 (order: 2, 16384 bytes)\n[0.135032] Dentry cache hash table entries: 65536 (order: 7, 524288 bytes)\n[0.135041] Inode-cache hash table entries: 32768 (order: 6, 262144 bytes)\n[0.135053] Sorting __ex_table...\n[0.135056] Memory: 249196K/289116K available (2100K kernel code, 188K rwdata, 1040K rodata, 97K init, 137K bss, 39920K reserved)\n[0.135060] NR_IRQS:15\n[0.135063] Calibrating delay loop... 5650.84 BogoMIPS (lpj=28254208)\n[0.135066] pid_max: default: 32768 minimum: 301\n[0.135074] Mount-cache hash table entries: 256\n[0.135077] Checking that host ptys support output SIGIO...Yes\n[0.135080] Checking that host ptys support SIGIO on close...No, enabling workaround\n[0.135087] Using 2.6 host AIO\n[0.135091] NET: Registered protocol family 16\n[0.135094] bio: create slab <bio-0> at 0\n[0.135102] Switched to clocksource itimer\n[0.135114] NET: Registered protocol family 2\n[0.135118] TCP established hash table entries: 4096 (order: 4, 65536 bytes)\n[0.135121] TCP bind hash table entries: 4096 (order: 3, 32768 bytes)\n[0.135124] TCP: Hash tables configured (established 4096 bind 4096)\n[0.135135] TCP: reno registered\n[0.135138] UDP hash table entries: 256 (order: 1, 8192 bytes)\n[0.135141] UDP-Lite hash table entries: 256 (order: 1, 8192 bytes)\n[0.135144] NET: Registered protocol family 1\n[0.135147] Unpacking initramfs...\n[0.135154] Freeing initrd memory: 584K (00000000627e0000 - 0000000062872000)\n[0.135158] squashfs: version 4.0 (2009/01/31) Phillip Lougher\n[0.135178] aufs 3.11-20141208\n[0.135183] msgmni has been set to 487\n[0.135192] io scheduler noop registered\n[0.135200] io scheduler deadline registered\n[0.135204] io scheduler cfq registered (default)\n[0.135207] loop: module loaded\n[0.135218] TCP: cubic registered\n[0.135221] NET: Registered protocol family 17\n[0.135229] Initialized stdio console driver\n[0.135232] Console initialized on /dev/tty0\n[0.135235] console [tty0] enabled\n[0.135238] Initializing software serial port version 1\n[0.136081] Not locking \"/home/tmc/tmc-server/ext/tmc-sandbox/uml/output/rootfs.squashfs\" on the host\n[0.136570]  ubda: unknown partition table\n[0.137120]  ubdb: unknown partition table\n[0.137858]  ubdc: unknown partition table\n[0.137938] Choosing a random ethernet address for device eth0\n[0.137964] Netdevice 0 (5a:fe:a7:45:f9:8f) : \n[0.137977] TUN/TAP backend - IP = 192.168.100.1\n[0.162144] TMC customized initrd starting\r\n[0.204723] Not locking \"/home/tmc/tmc-server/ext/tmc-sandbox/uml/output/rootfs.squashfs\" on the host\n[0.230651] aufs test_add:305:mount[259]: uid/gid/perm /ro 0/0/0755, 0/0/01777\n[0.284398] Entering tmc-init\r\n[0.439649] warning: can't open /etc/fstab: No such file or directory\r\n[0.889515] Setting up network on TAP device with IP 192.168.100.1\r\n[0.959381] Using internal IP address 192.168.100.2\r\n[1.270395] Starting tmc-run\r\n[1.429989] Setting error_msg_locale\r\n[1.683292] Total RAM: 249780KB\r\n[1.785780] RAM used by ramdisk initially: 22356 KB\r\n[1.786015] Project type: java_simple\r\n[1.794779] Files in /tmc:\r\n[1.816142] .:\r\n[1.817261] total 16\r\n[1.818001] drwxrwxr-x  6 tmc  tmc   180 Sep  4 07:27 .\r\n[1.818068] drwxrwxrwt 28 root root  220 Sep  4 07:27 ..\r\n[1.818142] drwxrwxr-x  2 tmc  tmc   600 Sep  4 07:27 checkstyle-runner\r\n[1.818205] -rw-rw-r--  1 tmc  tmc    32 Sep  4 07:27 .gitignore\r\n[1.818267] drwxrwxr-x  3 tmc  tmc   100 Sep  4 07:27 lib\r\n[1.818345] drwxrwxr-x  2 tmc  tmc    60 Sep  4 07:27 src\r\n[1.818412] drwxrwxr-x  2 tmc  tmc    80 Sep  4 07:27 test\r\n[1.818475] -rw-rw-r--  1 tmc  tmc    52 Sep  4 07:27 .tmcparams\r\n[1.818536] -rwxrwxr-x  1 tmc  tmc  6764 Sep  4 07:27 tmc-run\r\n[1.818637] \r\n[1.818680] ./checkstyle-runner:\r\n[1.820555] total 21428\r\n[1.820621] drwxrwxr-x 2 tmc tmc     600 Sep  4 07:27 .\r\n[1.820683] drwxrwxr-x 6 tmc tmc     180 Sep  4 07:27 ..\r\n[1.820750] -rw-rw-r-- 1 tmc tmc  445288 Sep  4 07:27 antlr-2.7.7.jar\r\n[1.820813] -rw-rw-r-- 1 tmc tmc  660403 Sep  4 07:27 checkstyle-5.7.jar\r\n[1.820875] -rw-rw-r-- 1 tmc tmc  206711 Sep  4 07:27 commons-beanutils-core-1.8.3.jar\r\n[1.820936] -rw-rw-r-- 1 tmc tmc   41123 Sep  4 07:27 commons-cli-1.2.jar\r\n[1.820997] -rw-rw-r-- 1 tmc tmc  185140 Sep  4 07:27 commons-io-2.4.jar\r\n[1.821075] -rw-rw-r-- 1 tmc tmc   60686 Sep  4 07:27 commons-logging-1.1.1.jar\r\n[1.821143] -rw-rw-r-- 1 tmc tmc 2003263 Sep  4 07:27 guava-jdk5-14.0.1.jar\r\n[1.821206] -rw-rw-r-- 1 tmc tmc   45024 Sep  4 07:27 hamcrest-core-1.3.jar\r\n[1.821268] -rw-rw-r-- 1 tmc tmc   38605 Sep  4 07:27 jackson-annotations-2.4.0.jar\r\n[1.821332] -rw-rw-r-- 1 tmc tmc  225356 Sep  4 07:27 jackson-core-2.4.1.1.jar\r\n[1.821394] -rw-rw-r-- 1 tmc tmc 1074135 Sep  4 07:27 jackson-databind-2.4.1.3.jar\r\n[1.821455] -rw-rw-r-- 1 tmc tmc  324650 Sep  4 07:27 jackson-dataformat-yaml-2.4.1.jar\r\n[1.821516] -rw-rw-r-- 1 tmc tmc  714194 Sep  4 07:27 javassist-3.18.1-GA.jar\r\n[1.821578] -rw-rw-r-- 1 tmc tmc  245039 Sep  4 07:27 junit-4.11.jar\r\n[1.821645] -rw-rw-r-- 1 tmc tmc  489884 Sep  4 07:27 log4j-1.2.17.jar\r\n[1.821706] -rw-rw-r-- 1 tmc tmc 1581066 Sep  4 07:27 mockito-all-1.9.5.jar\r\n[1.821767] -rw-rw-r-- 1 tmc tmc   41755 Sep  4 07:27 objenesis-2.1.jar\r\n[1.821834] -rw-rw-r-- 1 tmc tmc   69751 Sep  4 07:27 powermock-api-mockito-1.5.4.jar\r\n[1.821907] -rw-rw-r-- 1 tmc tmc   18547 Sep  4 07:27 powermock-api-support-1.5.4.jar\r\n[1.821974] -rw-rw-r-- 1 tmc tmc   83895 Sep  4 07:27 powermock-core-1.5.4.jar\r\n[1.822035] -rw-rw-r-- 1 tmc tmc   23755 Sep  4 07:27 powermock-module-junit4-1.5.4.jar\r\n[1.822097] -rw-rw-r-- 1 tmc tmc   13509 Sep  4 07:27 powermock-module-junit4-common-1.5.4.jar\r\n[1.822164] -rw-rw-r-- 1 tmc tmc   43262 Sep  4 07:27 powermock-reflect-1.5.4.jar\r\n[1.822225] -rw-rw-r-- 1 tmc tmc   29257 Sep  4 07:27 slf4j-api-1.7.7.jar\r\n[1.822286] -rw-rw-r-- 1 tmc tmc    8870 Sep  4 07:27 slf4j-log4j12-1.7.7.jar\r\n[1.822347] -rw-rw-r-- 1 tmc tmc   18109 Sep  4 07:27 system-rules-1.5.0.jar\r\n[1.822415] -rw-rw-r-- 1 tmc tmc 5804816 Sep  4 07:27 tmc-checkstyle-runner.jar\r\n[1.822476] -rw-r--r-- 1 tmc tmc 7374386 Sep  4 07:27 tools.jar\r\n[1.822547] \r\n[1.822598] ./lib:\r\n[1.822957] total 268\r\n[1.823019] drwxrwxr-x 3 tmc tmc    100 Sep  4 07:27 .\r\n[1.823087] drwxrwxr-x 6 tmc tmc    180 Sep  4 07:27 ..\r\n[1.823149] -rw-rw-r-- 1 tmc tmc  18996 Sep  4 07:27 edu-test-utils.jar\r\n[1.823217] -rw-rw-r-- 1 tmc tmc 253160 Sep  4 07:27 junit-4.10.jar\r\n[1.823278] drwxrwxr-x 2 tmc tmc    120 Sep  4 07:27 testrunner\r\n[1.823349] \r\n[1.823392] ./lib/testrunner:\r\n[1.823869] total 500\r\n[1.823943] drwxrwxr-x 2 tmc tmc    120 Sep  4 07:27 .\r\n[1.824004] drwxrwxr-x 3 tmc tmc    100 Sep  4 07:27 ..\r\n[1.824066] -rw-rw-r-- 1 tmc tmc 190432 Sep  4 07:27 gson-2.2.4.jar\r\n[1.824173] -rw-rw-r-- 1 tmc tmc  45024 Sep  4 07:27 hamcrest-core-1.3.jar\r\n[1.824235] -rw-rw-r-- 1 tmc tmc 245039 Sep  4 07:27 junit-4.11.jar\r\n[1.824325] -rw-rw-r-- 1 tmc tmc  27709 Sep  4 07:27 tmc-junit-runner.jar\r\n[1.824392] \r\n[1.824434] ./src:\r\n[1.824850] total 4\r\n[1.824924] drwxrwxr-x 2 tmc tmc  60 Sep  4 07:27 .\r\n[1.824998] drwxrwxr-x 6 tmc tmc 180 Sep  4 07:27 ..\r\n[1.825069] -rw-rw-r-- 1 tmc tmc 598 Sep  4 07:27 SimpleStuff.java\r\n[1.825177] \r\n[1.825247] ./test:\r\n[1.825588] total 8\r\n[1.825670] drwxrwxr-x 2 tmc tmc  80 Sep  4 07:27 .\r\n[1.825732] drwxrwxr-x 6 tmc tmc 180 Sep  4 07:27 ..\r\n[1.825804] -rw-rw-r-- 1 tmc tmc 402 Sep  4 07:27 SimpleHiddenTest.java\r\n[1.825876] -rw-rw-r-- 1 tmc tmc 646 Sep  4 07:27 SimpleTest.java\r\n[1.826795] Compiling project...\r\n[2.023016] RAM used by ramdisk: 22356 KB\r\n[2.023155] RAM for sandbox: 32768 KB\r\n[2.023177] RAM for program: 194656 KB\r\n[7.889671] Running tests...\r\n[12.157676] 2015-09-04 07:27:59,347 [main] INFO  fi.helsinki.cs.tmc.stylerunner.configuration.TMCCheckstyleConfiguration - Configuration file not found, searching for custom default configuration.\r\n[12.157948] 2015-09-04 07:27:59,351 [main] INFO  fi.helsinki.cs.tmc.stylerunner.configuration.TMCCheckstyleConfiguration - Custom configuration not found, using default configuration.\r\n[18.084151] tmc-run completed successfully\r\n[18.101388] Completed tmc-run. Exit code: 0\r\n[18.298686] Shutting down...\r\n[18.305702] reboot: System halted\n[18.306304] \n","token":"5050524212032574473038590331172530767380277071766089332249250268620952385686961384056293132903792814","status":"finished","exit_code":"0"}; TI"€701cc650a0c5445b38611609f7ce3b8f457ada5bbb053357260dbe0f7d7bea560be5da13f7c078a0ef76d33ce167bac01ff7bf5b8fab3b9a17c944a07df3dff3; TI"U*{"test_output":"[{\"className\":\"SimpleHiddenTest\",\"methodName\":\"testMultiply\",\"pointNames\":[\"both-test-files\",\"mul\"],\"status\":\"PASSED\"},{\"className\":\"SimpleTest\",\"methodName\":\"testAdd\",\"pointNames\":[\"simpletest-all\",\"both-test-files\",\"addsub\"],\"status\":\"PASSED\"},{\"className\":\"SimpleTest\",\"methodName\":\"testSubtract\",\"pointNames\":[\"simpletest-all\",\"both-test-files\",\"addsub\",\"justsub\"],\"status\":\"PASSED\"},{\"className\":\"SimpleTest\",\"methodName\":\"testEmptyMethod\",\"pointNames\":[\"simpletest-all\",\"both-test-files\"],\"status\":\"PASSED\"}]","stdout":"","stderr":"","valgrind":"","validations":"{\"strategy\":\"DISABLED\",\"validationErrors\":{}}","vm_log":"[0.015664] Checking that ptrace can change system call numbers...Core dump limits :\n[0.015759] \tsoft - 0\n[0.015772] \thard - NONE\n[0.015805] OK\n[0.016143] Checking syscall emulation patch for ptrace...Core dump limits :\n[0.016158] \tsoft - 0\n[0.016163] \thard - NONE\n[0.016222] OK\n[0.017567] Checking advanced syscall emulation patch for ptrace...Core dump limits :\n[0.017575] \tsoft - 0\n[0.017579] \thard - NONE\n[0.017618] OK\n[0.017812] Core dump limits :\n[0.017820] \tsoft - 0\n[0.017824] \thard - NONE\n[0.017827] Checking for tmpfs mount on /dev/shm.../run/shm...OK\n[0.018056] Checking PROT_EXEC mmap in /dev/shm/...OK\n[0.018083] Checking for the skas3 patch in the host:\n[0.018133]   - /proc/mm...not found: No such file or directory\n[0.018282]   - PTRACE_FAULTINFO...not found\n[0.018383] OK\n[0.018537]   - PTRACE_LDT...not found\n[0.018638] OK\n[0.022125] OK\n[0.022150] UML running in SKAS0 mode\n[0.022156] Adding 1916928 bytes to physical memory to account for exec-shield gap\n[0.150509] Linux version 3.11.10 (root@tmc) (gcc version 4.8.2 (Ubuntu 4.8.2-19ubuntu1) ) #1 Sun Aug 2 20:07:19 CEST 2015\n[0.150599] Built 1 zonelists in Zone order, mobility grouping on.  Total pages: 65101\n[0.150653] Kernel command line: initrd=/home/tmc/tmc-server/ext/tmc-sandbox/uml/output/initrd.img mem=256M uml_dir=/home/tmc/tmc-server/ext/tmc-sandbox/web/work/uml ubdarc=/home/tmc/tmc-server/ext/tmc-sandbox/uml/output/rootfs.squashfs ubdbr=/home/tmc/tmc-server/ext/tmc-sandbox/web/work/0/task.tar ubdc=/home/tmc/tmc-server/ext/tmc-sandbox/web/work/0/output.tar eth0=tuntap,tap_tmc0,,192.168.100.1 con=null,fd:1 root=98:0\n[0.150705] PID hash table entries: 1024 (order: 1, 8192 bytes)\n[0.150743] Dentry cache hash table entries: 32768 (order: 6, 262144 bytes)\n[0.150779] Inode-cache hash table entries: 16384 (order: 5, 131072 bytes)\n[0.150816] Sorting __ex_table...\n[0.150853] Memory: 250268K/264016K available (2100K kernel code, 188K rwdata, 1040K rodata, 97K init, 137K bss, 13748K reserved)\n[0.150890] NR_IRQS:15\n[0.150940] Calibrating delay loop... 7949.51 BogoMIPS (lpj=39747584)\n[0.150979] pid_max: default: 32768 minimum: 301\n[0.151017] Mount-cache hash table entries: 256\n[0.151050] Checking that host ptys support output SIGIO...Yes\n[0.151085] Checking that host ptys support SIGIO on close...No, enabling workaround\n[0.151122] Using 2.6 host AIO\n[0.151155] NET: Registered protocol family 16\n[0.151186] bio: create slab <bio-0> at 0\n[0.151242] Switched to clocksource itimer\n[0.151277] NET: Registered protocol family 2\n[0.151310] TCP established hash table entries: 2048 (order: 3, 32768 bytes)\n[0.151340] TCP bind hash table entries: 2048 (order: 2, 16384 bytes)\n[0.151370] TCP: Hash tables configured (established 2048 bind 2048)\n[0.151399] TCP: reno registered\n[0.151429] UDP hash table entries: 256 (order: 1, 8192 bytes)\n[0.151460] UDP-Lite hash table entries: 256 (order: 1, 8192 bytes)\n[0.151491] NET: Registered protocol family 1\n[0.151525] Unpacking initramfs...\n[0.151570] Freeing initrd memory: 584K (0000000060f8a000 - 000000006101c000)\n[0.151601] squashfs: version 4.0 (2009/01/31) Phillip Lougher\n[0.151636] aufs 3.11-20141208\n[0.151671] msgmni has been set to 489\n[0.151707] io scheduler noop registered\n[0.151740] io scheduler deadline registered\n[0.151797] io scheduler cfq registered (default)\n[0.151833] loop: module loaded\n[0.151870] TCP: cubic registered\n[0.151906] NET: Registered protocol family 17\n[0.151945] Initialized stdio console driver\n[0.151979] Console initialized on /dev/tty0\n[0.152013] console [tty0] enabled\n[0.152036] Initializing software serial port version 1\n[0.153496] Not locking \"/home/tmc/tmc-server/ext/tmc-sandbox/uml/output/rootfs.squashfs\" on the host\n[0.154122]  ubda: unknown partition table\n[0.154962]  ubdb: unknown partition table\n[0.155648]  ubdc: unknown partition table\n[0.155769] Choosing a random ethernet address for device eth0\n[0.155857] Netdevice 0 (d6:6f:10:d2:1a:4e) : \n[0.155902] TUN/TAP backend - IP = 192.168.100.1\n[0.168441] TMC customized initrd starting\r\n[0.216867] Not locking \"/home/tmc/tmc-server/ext/tmc-sandbox/uml/output/rootfs.squashfs\" on the host\n[0.246354] aufs test_add:305:mount[259]: uid/gid/perm /ro 0/0/0755, 0/0/01777\n[0.292160] Entering tmc-init\r\n[0.468958] warning: can't open /etc/fstab: No such file or directory\r\n[0.914167] Setting up network on TAP device with IP 192.168.100.1\r\n[1.001370] Using internal IP address 192.168.100.2\r\n[1.325851] Starting tmc-run\r\n[1.448550] Setting error_msg_locale\r\n[1.716919] Total RAM: 250852KB\r\n[1.802360] RAM used by ramdisk initially: 22356 KB\r\n[1.802577] Project type: java_simple\r\n[1.810042] Files in /tmc:\r\n[1.829692] .:\r\n[1.830810] total 16\r\n[1.831563] drwxrwxr-x  6 tmc  tmc   180 Sep  4 13:48 .\r\n[1.831575] drwxrwxrwt 28 root root  220 Sep  4 13:48 ..\r\n[1.831588] drwxrwxr-x  2 tmc  tmc   600 Sep  4 13:48 checkstyle-runner\r\n[1.831646] -rw-rw-r--  1 tmc  tmc    32 Sep  4 13:48 .gitignore\r\n[1.831670] drwxrwxr-x  3 tmc  tmc   100 Sep  4 13:48 lib\r\n[1.831736] drwxrwxr-x  2 tmc  tmc    60 Sep  4 13:48 src\r\n[1.831778] drwxrwxr-x  2 tmc  tmc    80 Sep  4 13:48 test\r\n[1.831817] -rw-rw-r--  1 tmc  tmc    52 Sep  4 13:48 .tmcparams\r\n[1.831856] -rwxrwxr-x  1 tmc  tmc  6764 Sep  4 13:48 tmc-run\r\n[1.832013] \r\n[1.832024] ./checkstyle-runner:\r\n[1.833915] total 21428\r\n[1.833926] drwxrwxr-x 2 tmc tmc     600 Sep  4 13:48 .\r\n[1.833942] drwxrwxr-x 6 tmc tmc     180 Sep  4 13:48 ..\r\n[1.834022] -rw-rw-r-- 1 tmc tmc  445288 Sep  4 13:48 antlr-2.7.7.jar\r\n[1.834060] -rw-rw-r-- 1 tmc tmc  660403 Sep  4 13:48 checkstyle-5.7.jar\r\n[1.834113] -rw-rw-r-- 1 tmc tmc  206711 Sep  4 13:48 commons-beanutils-core-1.8.3.jar\r\n[1.834169] -rw-rw-r-- 1 tmc tmc   41123 Sep  4 13:48 commons-cli-1.2.jar\r\n[1.834225] -rw-rw-r-- 1 tmc tmc  185140 Sep  4 13:48 commons-io-2.4.jar\r\n[1.834280] -rw-rw-r-- 1 tmc tmc   60686 Sep  4 13:48 commons-logging-1.1.1.jar\r\n[1.834336] -rw-rw-r-- 1 tmc tmc 2003263 Sep  4 13:48 guava-jdk5-14.0.1.jar\r\n[1.834392] -rw-rw-r-- 1 tmc tmc   45024 Sep  4 13:48 hamcrest-core-1.3.jar\r\n[1.834447] -rw-rw-r-- 1 tmc tmc   38605 Sep  4 13:48 jackson-annotations-2.4.0.jar\r\n[1.834490] -rw-rw-r-- 1 tmc tmc  225356 Sep  4 13:48 jackson-core-2.4.1.1.jar\r\n[1.834544] -rw-rw-r-- 1 tmc tmc 1074135 Sep  4 13:48 jackson-databind-2.4.1.3.jar\r\n[1.834600] -rw-rw-r-- 1 tmc tmc  324650 Sep  4 13:48 jackson-dataformat-yaml-2.4.1.jar\r\n[1.834656] -rw-rw-r-- 1 tmc tmc  714194 Sep  4 13:48 javassist-3.18.1-GA.jar\r\n[1.834711] -rw-rw-r-- 1 tmc tmc  245039 Sep  4 13:48 junit-4.11.jar\r\n[1.834767] -rw-rw-r-- 1 tmc tmc  489884 Sep  4 13:48 log4j-1.2.17.jar\r\n[1.834823] -rw-rw-r-- 1 tmc tmc 1581066 Sep  4 13:48 mockito-all-1.9.5.jar\r\n[1.834878] -rw-rw-r-- 1 tmc tmc   41755 Sep  4 13:48 objenesis-2.1.jar\r\n[1.834940] -rw-rw-r-- 1 tmc tmc   69751 Sep  4 13:48 powermock-api-mockito-1.5.4.jar\r\n[1.834976] -rw-rw-r-- 1 tmc tmc   18547 Sep  4 13:48 powermock-api-support-1.5.4.jar\r\n[1.835029] -rw-rw-r-- 1 tmc tmc   83895 Sep  4 13:48 powermock-core-1.5.4.jar\r\n[1.835085] -rw-rw-r-- 1 tmc tmc   23755 Sep  4 13:48 powermock-module-junit4-1.5.4.jar\r\n[1.835141] -rw-rw-r-- 1 tmc tmc   13509 Sep  4 13:48 powermock-module-junit4-common-1.5.4.jar\r\n[1.835196] -rw-rw-r-- 1 tmc tmc   43262 Sep  4 13:48 powermock-reflect-1.5.4.jar\r\n[1.835251] -rw-rw-r-- 1 tmc tmc   29257 Sep  4 13:48 slf4j-api-1.7.7.jar\r\n[1.835307] -rw-rw-r-- 1 tmc tmc    8870 Sep  4 13:48 slf4j-log4j12-1.7.7.jar\r\n[1.835369] -rw-rw-r-- 1 tmc tmc   18109 Sep  4 13:48 system-rules-1.5.0.jar\r\n[1.835405] -rw-rw-r-- 1 tmc tmc 5804816 Sep  4 13:48 tmc-checkstyle-runner.jar\r\n[1.835459] -rw-r--r-- 1 tmc tmc 7374386 Sep  4 13:48 tools.jar\r\n[1.835538] \r\n[1.835547] ./lib:\r\n[1.835920] total 268\r\n[1.835975] drwxrwxr-x 3 tmc tmc    100 Sep  4 13:48 .\r\n[1.836032] drwxrwxr-x 6 tmc tmc    180 Sep  4 13:48 ..\r\n[1.836088] -rw-rw-r-- 1 tmc tmc  18996 Sep  4 13:48 edu-test-utils.jar\r\n[1.836144] -rw-rw-r-- 1 tmc tmc 253160 Sep  4 13:48 junit-4.10.jar\r\n[1.836224] drwxrwxr-x 2 tmc tmc    120 Sep  4 13:48 testrunner\r\n[1.836293] \r\n[1.836306] ./lib/testrunner:\r\n[1.836745] total 500\r\n[1.836800] drwxrwxr-x 2 tmc tmc    120 Sep  4 13:48 .\r\n[1.836856] drwxrwxr-x 3 tmc tmc    100 Sep  4 13:48 ..\r\n[1.836912] -rw-rw-r-- 1 tmc tmc 190432 Sep  4 13:48 gson-2.2.4.jar\r\n[1.836969] -rw-rw-r-- 1 tmc tmc  45024 Sep  4 13:48 hamcrest-core-1.3.jar\r\n[1.836975] -rw-rw-r-- 1 tmc tmc 245039 Sep  4 13:48 junit-4.11.jar\r\n[1.837070] -rw-rw-r-- 1 tmc tmc  27709 Sep  4 13:48 tmc-junit-runner.jar\r\n[1.837077] \r\n[1.837084] ./src:\r\n[1.837356] total 4\r\n[1.837394] drwxrwxr-x 2 tmc tmc  60 Sep  4 13:48 .\r\n[1.837496] drwxrwxr-x 6 tmc tmc 180 Sep  4 13:48 ..\r\n[1.837517] -rw-rw-r-- 1 tmc tmc 598 Sep  4 13:48 SimpleStuff.java\r\n[1.837542] \r\n[1.837560] ./test:\r\n[1.837887] total 8\r\n[1.837925] drwxrwxr-x 2 tmc tmc  80 Sep  4 13:48 .\r\n[1.837962] drwxrwxr-x 6 tmc tmc 180 Sep  4 13:48 ..\r\n[1.838019] -rw-rw-r-- 1 tmc tmc 402 Sep  4 13:48 SimpleHiddenTest.java\r\n[1.838074] -rw-rw-r-- 1 tmc tmc 646 Sep  4 13:48 SimpleTest.java\r\n[1.838984] Compiling project...\r\n[2.012640] RAM used by ramdisk: 22356 KB\r\n[2.012770] RAM for sandbox: 32768 KB\r\n[2.012789] RAM for program: 195728 KB\r\n[7.058214] Running tests...\r\n[10.561335] 2015-09-04 13:48:22,209 [main] INFO  fi.helsinki.cs.tmc.stylerunner.configuration.TMCCheckstyleConfiguration - Configuration file not found, searching for custom default configuration.\r\n[10.561558] 2015-09-04 13:48:22,212 [main] INFO  fi.helsinki.cs.tmc.stylerunner.configuration.TMCCheckstyleConfiguration - Custom configuration not found, using default configuration.\r\n[15.678978] tmc-run completed successfully\r\n[15.697065] Completed tmc-run. Exit code: 0\r\n[15.858645] Shutting down...\r\n[15.863415] reboot: System halted\n[15.864058] \n","token":"9478005519735144277182041863769698969532852659590897843509536097640369072115117509466983664144656973","status":"finished","exit_code":"0"}; TI"€c4f50e68b9c7b4e4c1ff649d3b5778f3756c98453a217ba0631101387b9cd48e1f9ad7932992c9be6026ff704f94e3ae3d3f968cca90a2deddd57d0d0c116aa7; TI"0Y{"test_output":"[{\"className\":\"SimpleHiddenTest\",\"methodName\":\"testMultiply\",\"pointNames\":[\"both-test-files\",\"mul\"],\"message\":\"expected:\\u003c12\\u003e but was:\\u003c0\\u003e\",\"exception\":{\"className\":\"java.lang.AssertionError\",\"message\":\"expected:\\u003c12\\u003e but was:\\u003c0\\u003e\",\"stackTrace\":[{\"declaringClass\":\"org.junit.Assert\",\"methodName\":\"fail\",\"fileName\":\"Assert.java\",\"lineNumber\":88},{\"declaringClass\":\"org.junit.Assert\",\"methodName\":\"failNotEquals\",\"fileName\":\"Assert.java\",\"lineNumber\":743},{\"declaringClass\":\"org.junit.Assert\",\"methodName\":\"assertEquals\",\"fileName\":\"Assert.java\",\"lineNumber\":118},{\"declaringClass\":\"org.junit.Assert\",\"methodName\":\"assertEquals\",\"fileName\":\"Assert.java\",\"lineNumber\":555},{\"declaringClass\":\"org.junit.Assert\",\"methodName\":\"assertEquals\",\"fileName\":\"Assert.java\",\"lineNumber\":542},{\"declaringClass\":\"SimpleHiddenTest\",\"methodName\":\"testMultiply\",\"fileName\":\"SimpleHiddenTest.java\",\"lineNumber\":11},{\"declaringClass\":\"sun.reflect.NativeMethodAccessorImpl\",\"methodName\":\"invoke0\",\"fileName\":\"NativeMethodAccessorImpl.java\",\"lineNumber\":-2},{\"declaringClass\":\"sun.reflect.NativeMethodAccessorImpl\",\"methodName\":\"invoke\",\"fileName\":\"NativeMethodAccessorImpl.java\",\"lineNumber\":62},{\"declaringClass\":\"sun.reflect.DelegatingMethodAccessorImpl\",\"methodName\":\"invoke\",\"fileName\":\"DelegatingMethodAccessorImpl.java\",\"lineNumber\":43},{\"declaringClass\":\"java.lang.reflect.Method\",\"methodName\":\"invoke\",\"fileName\":\"Method.java\",\"lineNumber\":483},{\"declaringClass\":\"org.junit.runners.model.FrameworkMethod$1\",\"methodName\":\"runReflectiveCall\",\"fileName\":\"FrameworkMethod.java\",\"lineNumber\":47},{\"declaringClass\":\"org.junit.internal.runners.model.ReflectiveCallable\",\"methodName\":\"run\",\"fileName\":\"ReflectiveCallable.java\",\"lineNumber\":12},{\"declaringClass\":\"org.junit.runners.model.FrameworkMethod\",\"methodName\":\"invokeExplosively\",\"fileName\":\"FrameworkMethod.java\",\"lineNumber\":44},{\"declaringClass\":\"org.junit.internal.runners.statements.InvokeMethod\",\"methodName\":\"evaluate\",\"fileName\":\"InvokeMethod.java\",\"lineNumber\":17},{\"declaringClass\":\"org.junit.runners.ParentRunner\",\"methodName\":\"runLeaf\",\"fileName\":\"ParentRunner.java\",\"lineNumber\":271},{\"declaringClass\":\"org.junit.runners.BlockJUnit4ClassRunner\",\"methodName\":\"runChild\",\"fileName\":\"BlockJUnit4ClassRunner.java\",\"lineNumber\":70},{\"declaringClass\":\"org.junit.runners.BlockJUnit4ClassRunner\",\"methodName\":\"runChild\",\"fileName\":\"BlockJUnit4ClassRunner.java\",\"lineNumber\":50},{\"declaringClass\":\"org.junit.runners.ParentRunner$3\",\"methodName\":\"run\",\"fileName\":\"ParentRunner.java\",\"lineNumber\":238},{\"declaringClass\":\"org.junit.runners.ParentRunner$1\",\"methodName\":\"schedule\",\"fileName\":\"ParentRunner.java\",\"lineNumber\":63},{\"declaringClass\":\"org.junit.runners.ParentRunner\",\"methodName\":\"runChildren\",\"fileName\":\"ParentRunner.java\",\"lineNumber\":236},{\"declaringClass\":\"org.junit.runners.ParentRunner\",\"methodName\":\"access$000\",\"fileName\":\"ParentRunner.java\",\"lineNumber\":53},{\"declaringClass\":\"org.junit.runners.ParentRunner$2\",\"methodName\":\"evaluate\",\"fileName\":\"ParentRunner.java\",\"lineNumber\":229},{\"declaringClass\":\"org.junit.runners.ParentRunner\",\"methodName\":\"run\",\"fileName\":\"ParentRunner.java\",\"lineNumber\":309},{\"declaringClass\":\"fi.helsinki.cs.tmc.testrunner.TestRunner$TestingRunnable\",\"methodName\":\"runTestCase\",\"fileName\":\"TestRunner.java\",\"lineNumber\":134},{\"declaringClass\":\"fi.helsinki.cs.tmc.testrunner.TestRunner$TestingRunnable\",\"methodName\":\"doRun\",\"fileName\":\"TestRunner.java\",\"lineNumber\":89},{\"declaringClass\":\"fi.helsinki.cs.tmc.testrunner.TestRunner$TestingRunnable\",\"methodName\":\"run\",\"fileName\":\"TestRunner.java\",\"lineNumber\":70},{\"declaringClass\":\"java.lang.Thread\",\"methodName\":\"run\",\"fileName\":\"Thread.java\",\"lineNumber\":745}]},\"status\":\"FAILED\"},{\"className\":\"SimpleTest\",\"methodName\":\"testAdd\",\"pointNames\":[\"simpletest-all\",\"both-test-files\",\"addsub\"],\"message\":\"expected:\\u003c9\\u003e but was:\\u003c0\\u003e\",\"exception\":{\"className\":\"java.lang.AssertionError\",\"message\":\"expected:\\u003c9\\u003e but was:\\u003c0\\u003e\",\"stackTrace\":[{\"declaringClass\":\"org.junit.Assert\",\"methodName\":\"fail\",\"fileName\":\"Assert.java\",\"lineNumber\":88},{\"declaringClass\":\"org.junit.Assert\",\"methodName\":\"failNotEquals\",\"fileName\":\"Assert.java\",\"lineNumber\":743},{\"declaringClass\":\"org.junit.Assert\",\"methodName\":\"assertEquals\",\"fileName\":\"Assert.java\",\"lineNumber\":118},{\"declaringClass\":\"org.junit.Assert\",\"methodName\":\"assertEquals\",\"fileName\":\"Assert.java\",\"lineNumber\":555},{\"declaringClass\":\"org.junit.Assert\",\"methodName\":\"assertEquals\",\"fileName\":\"Assert.java\",\"lineNumber\":542},{\"declaringClass\":\"SimpleTest\",\"methodName\":\"testAdd\",\"fileName\":\"SimpleTest.java\",\"lineNumber\":11},{\"declaringClass\":\"sun.reflect.NativeMethodAccessorImpl\",\"methodName\":\"invoke0\",\"fileName\":\"NativeMethodAccessorImpl.java\",\"lineNumber\":-2},{\"declaringClass\":\"sun.reflect.NativeMethodAccessorImpl\",\"methodName\":\"invoke\",\"fileName\":\"NativeMethodAccessorImpl.java\",\"lineNumber\":62},{\"declaringClass\":\"sun.reflect.DelegatingMethodAccessorImpl\",\"methodName\":\"invoke\",\"fileName\":\"DelegatingMethodAccessorImpl.java\",\"lineNumber\":43},{\"declaringClass\":\"java.lang.reflect.Method\",\"methodName\":\"invoke\",\"fileName\":\"Method.java\",\"lineNumber\":483},{\"declaringClass\":\"org.junit.runners.model.FrameworkMethod$1\",\"methodName\":\"runReflectiveCall\",\"fileName\":\"FrameworkMethod.java\",\"lineNumber\":47},{\"declaringClass\":\"org.junit.internal.runners.model.ReflectiveCallable\",\"methodName\":\"run\",\"fileName\":\"ReflectiveCallable.java\",\"lineNumber\":12},{\"declaringClass\":\"org.junit.runners.model.FrameworkMethod\",\"methodName\":\"invokeExplosively\",\"fileName\":\"FrameworkMethod.java\",\"lineNumber\":44},{\"declaringClass\":\"org.junit.internal.runners.statements.InvokeMethod\",\"methodName\":\"evaluate\",\"fileName\":\"InvokeMethod.java\",\"lineNumber\":17},{\"declaringClass\":\"org.junit.runners.ParentRunner\",\"methodName\":\"runLeaf\",\"fileName\":\"ParentRunner.java\",\"lineNumber\":271},{\"declaringClass\":\"org.junit.runners.BlockJUnit4ClassRunner\",\"methodName\":\"runChild\",\"fileName\":\"BlockJUnit4ClassRunner.java\",\"lineNumber\":70},{\"declaringClass\":\"org.junit.runners.BlockJUnit4ClassRunner\",\"methodName\":\"runChild\",\"fileName\":\"BlockJUnit4ClassRunner.java\",\"lineNumber\":50},{\"declaringClass\":\"org.junit.runners.ParentRunner$3\",\"methodName\":\"run\",\"fileName\":\"ParentRunner.java\",\"lineNumber\":238},{\"declaringClass\":\"org.junit.runners.ParentRunner$1\",\"methodName\":\"schedule\",\"fileName\":\"ParentRunner.java\",\"lineNumber\":63},{\"declaringClass\":\"org.junit.runners.ParentRunner\",\"methodName\":\"runChildren\",\"fileName\":\"ParentRunner.java\",\"lineNumber\":236},{\"declaringClass\":\"org.junit.runners.ParentRunner\",\"methodName\":\"access$000\",\"fileName\":\"ParentRunner.java\",\"lineNumber\":53},{\"declaringClass\":\"org.junit.runners.ParentRunner$2\",\"methodName\":\"evaluate\",\"fileName\":\"ParentRunner.java\",\"lineNumber\":229},{\"declaringClass\":\"org.junit.runners.ParentRunner\",\"methodName\":\"run\",\"fileName\":\"ParentRunner.java\",\"lineNumber\":309},{\"declaringClass\":\"fi.helsinki.cs.tmc.testrunner.TestRunner$TestingRunnable\",\"methodName\":\"runTestCase\",\"fileName\":\"TestRunner.java\",\"lineNumber\":134},{\"declaringClass\":\"fi.helsinki.cs.tmc.testrunner.TestRunner$TestingRunnable\",\"methodName\":\"doRun\",\"fileName\":\"TestRunner.java\",\"lineNumber\":89},{\"declaringClass\":\"fi.helsinki.cs.tmc.testrunner.TestRunner$TestingRunnable\",\"methodName\":\"run\",\"fileName\":\"TestRunner.java\",\"lineNumber\":70},{\"declaringClass\":\"java.lang.Thread\",\"methodName\":\"run\",\"fileName\":\"Thread.java\",\"lineNumber\":745}]},\"status\":\"FAILED\"},{\"className\":\"SimpleTest\",\"methodName\":\"testSubtract\",\"pointNames\":[\"simpletest-all\",\"both-test-files\",\"addsub\",\"justsub\"],\"message\":\"expected:\\u003c3\\u003e but was:\\u003c0\\u003e\",\"exception\":{\"className\":\"java.lang.AssertionError\",\"message\":\"expected:\\u003c3\\u003e but was:\\u003c0\\u003e\",\"stackTrace\":[{\"declaringClass\":\"org.junit.Assert\",\"methodName\":\"fail\",\"fileName\":\"Assert.java\",\"lineNumber\":88},{\"declaringClass\":\"org.junit.Assert\",\"methodName\":\"failNotEquals\",\"fileName\":\"Assert.java\",\"lineNumber\":743},{\"declaringClass\":\"org.junit.Assert\",\"methodName\":\"assertEquals\",\"fileName\":\"Assert.java\",\"lineNumber\":118},{\"declaringClass\":\"org.junit.Assert\",\"methodName\":\"assertEquals\",\"fileName\":\"Assert.java\",\"lineNumber\":555},{\"declaringClass\":\"org.junit.Assert\",\"methodName\":\"assertEquals\",\"fileName\":\"Assert.java\",\"lineNumber\":542},{\"declaringClass\":\"SimpleTest\",\"methodName\":\"testSubtract\",\"fileName\":\"SimpleTest.java\",\"lineNumber\":18},{\"declaringClass\":\"sun.reflect.NativeMethodAccessorImpl\",\"methodName\":\"invoke0\",\"fileName\":\"NativeMethodAccessorImpl.java\",\"lineNumber\":-2},{\"declaringClass\":\"sun.reflect.NativeMethodAccessorImpl\",\"methodName\":\"invoke\",\"fileName\":\"NativeMethodAccessorImpl.java\",\"lineNumber\":62},{\"declaringClass\":\"sun.reflect.DelegatingMethodAccessorImpl\",\"methodName\":\"invoke\",\"fileName\":\"DelegatingMethodAccessorImpl.java\",\"lineNumber\":43},{\"declaringClass\":\"java.lang.reflect.Method\",\"methodName\":\"invoke\",\"fileName\":\"Method.java\",\"lineNumber\":483},{\"declaringClass\":\"org.junit.runners.model.FrameworkMethod$1\",\"methodName\":\"runReflectiveCall\",\"fileName\":\"FrameworkMethod.java\",\"lineNumber\":47},{\"declaringClass\":\"org.junit.internal.runners.model.ReflectiveCallable\",\"methodName\":\"run\",\"fileName\":\"ReflectiveCallable.java\",\"lineNumber\":12},{\"declaringClass\":\"org.junit.runners.model.FrameworkMethod\",\"methodName\":\"invokeExplosively\",\"fileName\":\"FrameworkMethod.java\",\"lineNumber\":44},{\"declaringClass\":\"org.junit.internal.runners.statements.InvokeMethod\",\"methodName\":\"evaluate\",\"fileName\":\"InvokeMethod.java\",\"lineNumber\":17},{\"declaringClass\":\"org.junit.runners.ParentRunner\",\"methodName\":\"runLeaf\",\"fileName\":\"ParentRunner.java\",\"lineNumber\":271},{\"declaringClass\":\"org.junit.runners.BlockJUnit4ClassRunner\",\"methodName\":\"runChild\",\"fileName\":\"BlockJUnit4ClassRunner.java\",\"lineNumber\":70},{\"declaringClass\":\"org.junit.runners.BlockJUnit4ClassRunner\",\"methodName\":\"runChild\",\"fileName\":\"BlockJUnit4ClassRunner.java\",\"lineNumber\":50},{\"declaringClass\":\"org.junit.runners.ParentRunner$3\",\"methodName\":\"run\",\"fileName\":\"ParentRunner.java\",\"lineNumber\":238},{\"declaringClass\":\"org.junit.runners.ParentRunner$1\",\"methodName\":\"schedule\",\"fileName\":\"ParentRunner.java\",\"lineNumber\":63},{\"declaringClass\":\"org.junit.runners.ParentRunner\",\"methodName\":\"runChildren\",\"fileName\":\"ParentRunner.java\",\"lineNumber\":236},{\"declaringClass\":\"org.junit.runners.ParentRunner\",\"methodName\":\"access$000\",\"fileName\":\"ParentRunner.java\",\"lineNumber\":53},{\"declaringClass\":\"org.junit.runners.ParentRunner$2\",\"methodName\":\"evaluate\",\"fileName\":\"ParentRunner.java\",\"lineNumber\":229},{\"declaringClass\":\"org.junit.runners.ParentRunner\",\"methodName\":\"run\",\"fileName\":\"ParentRunner.java\",\"lineNumber\":309},{\"declaringClass\":\"fi.helsinki.cs.tmc.testrunner.TestRunner$TestingRunnable\",\"methodName\":\"runTestCase\",\"fileName\":\"TestRunner.java\",\"lineNumber\":134},{\"declaringClass\":\"fi.helsinki.cs.tmc.testrunner.TestRunner$TestingRunnable\",\"methodName\":\"doRun\",\"fileName\":\"TestRunner.java\",\"lineNumber\":89},{\"declaringClass\":\"fi.helsinki.cs.tmc.testrunner.TestRunner$TestingRunnable\",\"methodName\":\"run\",\"fileName\":\"TestRunner.java\",\"lineNumber\":70},{\"declaringClass\":\"java.lang.Thread\",\"methodName\":\"run\",\"fileName\":\"Thread.java\",\"lineNumber\":745}]},\"status\":\"FAILED\"},{\"className\":\"SimpleTest\",\"methodName\":\"testEmptyMethod\",\"pointNames\":[\"simpletest-all\",\"both-test-files\"],\"status\":\"PASSED\"}]","stdout":"","stderr":"","valgrind":"","validations":"{\"strategy\":\"DISABLED\",\"validationErrors\":{}}","vm_log":"[0.013836] Checking that ptrace can change system call numbers...Core dump limits :\n[0.013934] \tsoft - 0\n[0.013947] \thard - NONE\n[0.013978] OK\n[0.014273] Checking syscall emulation patch for ptrace...Core dump limits :\n[0.014284] \tsoft - 0\n[0.014288] \thard - NONE\n[0.014312] OK\n[0.015714] Checking advanced syscall emulation patch for ptrace...Core dump limits :\n[0.015727] \tsoft - 0\n[0.015740] \thard - NONE\n[0.015768] OK\n[0.015970] Core dump limits :\n[0.015979] \tsoft - 0\n[0.015982] \thard - NONE\n[0.015986] Checking for tmpfs mount on /dev/shm.../run/shm...OK\n[0.016218] Checking PROT_EXEC mmap in /dev/shm/...OK\n[0.016245] Checking for the skas3 patch in the host:\n[0.016295]   - /proc/mm...not found: No such file or directory\n[0.016440]   - PTRACE_FAULTINFO...not found\n[0.016540] OK\n[0.016689]   - PTRACE_LDT...not found\n[0.016787] OK\n[0.019396] OK\n[0.019416] UML running in SKAS0 mode\n[0.141317] Linux version 3.11.10 (root@tmc) (gcc version 4.8.2 (Ubuntu 4.8.2-19ubuntu1) ) #1 Sun Aug 2 20:07:19 CEST 2015\n[0.141353] Built 1 zonelists in Zone order, mobility grouping on.  Total pages: 64640\n[0.141383] Kernel command line: initrd=/home/tmc/tmc-server/ext/tmc-sandbox/uml/output/initrd.img mem=256M uml_dir=/home/tmc/tmc-server/ext/tmc-sandbox/web/work/uml ubdarc=/home/tmc/tmc-server/ext/tmc-sandbox/uml/output/rootfs.squashfs ubdbr=/home/tmc/tmc-server/ext/tmc-sandbox/web/work/0/task.tar ubdc=/home/tmc/tmc-server/ext/tmc-sandbox/web/work/0/output.tar eth0=tuntap,tap_tmc0,,192.168.100.1 con=null,fd:1 root=98:0\n[0.141400] PID hash table entries: 1024 (order: 1, 8192 bytes)\n[0.141417] Dentry cache hash table entries: 32768 (order: 6, 262144 bytes)\n[0.141433] Inode-cache hash table entries: 16384 (order: 5, 131072 bytes)\n[0.141455] Sorting __ex_table...\n[0.141471] Memory: 249688K/262144K available (2100K kernel code, 188K rwdata, 1040K rodata, 97K init, 137K bss, 12456K reserved)\n[0.141487] NR_IRQS:15\n[0.141502] Calibrating delay loop... 4699.75 BogoMIPS (lpj=23498752)\n[0.141517] pid_max: default: 32768 minimum: 301\n[0.141532] Mount-cache hash table entries: 256\n[0.141547] Checking that host ptys support output SIGIO...Yes\n[0.141562] Checking that host ptys support SIGIO on close...No, enabling workaround\n[0.141576] Using 2.6 host AIO\n[0.141591] NET: Registered protocol family 16\n[0.141606] bio: create slab <bio-0> at 0\n[0.141620] Switched to clocksource itimer\n[0.141635] NET: Registered protocol family 2\n[0.141649] TCP established hash table entries: 2048 (order: 3, 32768 bytes)\n[0.141684] TCP bind hash table entries: 2048 (order: 2, 16384 bytes)\n[0.141698] TCP: Hash tables configured (established 2048 bind 2048)\n[0.141713] TCP: reno registered\n[0.141727] UDP hash table entries: 256 (order: 1, 8192 bytes)\n[0.141741] UDP-Lite hash table entries: 256 (order: 1, 8192 bytes)\n[0.141756] NET: Registered protocol family 1\n[0.141770] Unpacking initramfs...\n[0.141784] Freeing initrd memory: 588K (0000000060f82000 - 0000000061015000)\n[0.141803] squashfs: version 4.0 (2009/01/31) Phillip Lougher\n[0.141825] aufs 3.11-20141208\n[0.141851] msgmni has been set to 488\n[0.141878] io scheduler noop registered\n[0.141904] io scheduler deadline registered\n[0.141927] io scheduler cfq registered (default)\n[0.141952] loop: module loaded\n[0.141973] TCP: cubic registered\n[0.141989] NET: Registered protocol family 17\n[0.142004] Initialized stdio console driver\n[0.142028] Console initialized on /dev/tty0\n[0.142045] console [tty0] enabled\n[0.142061] Initializing software serial port version 1\n[0.143166] Not locking \"/home/tmc/tmc-server/ext/tmc-sandbox/uml/output/rootfs.squashfs\" on the host\n[0.143800]  ubda: unknown partition table\n[0.144394]  ubdb: unknown partition table\n[0.144923]  ubdc: unknown partition table\n[0.145007] Choosing a random ethernet address for device eth0\n[0.145073] Netdevice 0 (d2:02:c9:13:aa:c8) : \n[0.145106] TUN/TAP backend - IP = 192.168.100.1\n[0.169902] TMC customized initrd starting\r\n[0.209539] Not locking \"/home/tmc/tmc-server/ext/tmc-sandbox/uml/output/rootfs.squashfs\" on the host\n[0.237437] aufs test_add:305:mount[259]: uid/gid/perm /ro 0/0/0755, 0/0/01777\n[0.288236] Entering tmc-init\r\n[0.446996] warning: can't open /etc/fstab: No such file or directory\r\n[0.874013] Setting up network on TAP device with IP 192.168.100.1\r\n[0.926066] Using internal IP address 192.168.100.2\r\n[1.254702] Starting tmc-run\r\n[1.381260] Setting error_msg_locale\r\n[1.591595] Total RAM: 250276KB\r\n[1.692183] RAM used by ramdisk initially: 22356 KB\r\n[1.692414] Project type: java_simple\r\n[1.700352] Files in /tmc:\r\n[1.723313] .:\r\n[1.724359] total 16\r\n[1.725114] drwxrwxr-x  6 tmc  tmc   180 Sep  4 13:46 .\r\n[1.725127] drwxrwxrwt 28 root root  220 Sep  4 13:46 ..\r\n[1.725138] drwxrwxr-x  2 tmc  tmc   600 Sep  4 13:46 checkstyle-runner\r\n[1.725202] -rw-rw-r--  1 tmc  tmc    32 Sep  4 13:46 .gitignore\r\n[1.725226] drwxrwxr-x  3 tmc  tmc   100 Sep  4 13:46 lib\r\n[1.725291] drwxrwxr-x  2 tmc  tmc    60 Sep  4 13:46 src\r\n[1.725331] drwxrwxr-x  2 tmc  tmc    80 Sep  4 13:46 test\r\n[1.725353] -rw-rw-r--  1 tmc  tmc    52 Sep  4 13:46 .tmcparams\r\n[1.725418] -rwxrwxr-x  1 tmc  tmc  6764 Sep  4 13:46 tmc-run\r\n[1.725580] \r\n[1.725591] ./checkstyle-runner:\r\n[1.727563] total 21428\r\n[1.727575] drwxrwxr-x 2 tmc tmc     600 Sep  4 13:46 .\r\n[1.727595] drwxrwxr-x 6 tmc tmc     180 Sep  4 13:46 ..\r\n[1.727676] -rw-rw-r-- 1 tmc tmc  445288 Sep  4 13:46 antlr-2.7.7.jar\r\n[1.727687] -rw-rw-r-- 1 tmc tmc  660403 Sep  4 13:46 checkstyle-5.7.jar\r\n[1.727765] -rw-rw-r-- 1 tmc tmc  206711 Sep  4 13:46 commons-beanutils-core-1.8.3.jar\r\n[1.727776] -rw-rw-r-- 1 tmc tmc   41123 Sep  4 13:46 commons-cli-1.2.jar\r\n[1.727841] -rw-rw-r-- 1 tmc tmc  185140 Sep  4 13:46 commons-io-2.4.jar\r\n[1.727880] -rw-rw-r-- 1 tmc tmc   60686 Sep  4 13:46 commons-logging-1.1.1.jar\r\n[1.727935] -rw-rw-r-- 1 tmc tmc 2003263 Sep  4 13:46 guava-jdk5-14.0.1.jar\r\n[1.727991] -rw-rw-r-- 1 tmc tmc   45024 Sep  4 13:46 hamcrest-core-1.3.jar\r\n[1.728046] -rw-rw-r-- 1 tmc tmc   38605 Sep  4 13:46 jackson-annotations-2.4.0.jar\r\n[1.728102] -rw-rw-r-- 1 tmc tmc  225356 Sep  4 13:46 jackson-core-2.4.1.1.jar\r\n[1.728130] -rw-rw-r-- 1 tmc tmc 1074135 Sep  4 13:46 jackson-databind-2.4.1.3.jar\r\n[1.728194] -rw-rw-r-- 1 tmc tmc  324650 Sep  4 13:46 jackson-dataformat-yaml-2.4.1.jar\r\n[1.728233] -rw-rw-r-- 1 tmc tmc  714194 Sep  4 13:46 javassist-3.18.1-GA.jar\r\n[1.728270] -rw-rw-r-- 1 tmc tmc  245039 Sep  4 13:46 junit-4.11.jar\r\n[1.728325] -rw-rw-r-- 1 tmc tmc  489884 Sep  4 13:46 log4j-1.2.17.jar\r\n[1.728381] -rw-rw-r-- 1 tmc tmc 1581066 Sep  4 13:46 mockito-all-1.9.5.jar\r\n[1.728420] -rw-rw-r-- 1 tmc tmc   41755 Sep  4 13:46 objenesis-2.1.jar\r\n[1.728479] -rw-rw-r-- 1 tmc tmc   69751 Sep  4 13:46 powermock-api-mockito-1.5.4.jar\r\n[1.728502] -rw-rw-r-- 1 tmc tmc   18547 Sep  4 13:46 powermock-api-support-1.5.4.jar\r\n[1.728566] -rw-rw-r-- 1 tmc tmc   83895 Sep  4 13:46 powermock-core-1.5.4.jar\r\n[1.728604] -rw-rw-r-- 1 tmc tmc   23755 Sep  4 13:46 powermock-module-junit4-1.5.4.jar\r\n[1.728659] -rw-rw-r-- 1 tmc tmc   13509 Sep  4 13:46 powermock-module-junit4-common-1.5.4.jar\r\n[1.728753] -rw-rw-r-- 1 tmc tmc   43262 Sep  4 13:46 powermock-reflect-1.5.4.jar\r\n[1.728765] -rw-rw-r-- 1 tmc tmc   29257 Sep  4 13:46 slf4j-api-1.7.7.jar\r\n[1.728788] -rw-rw-r-- 1 tmc tmc    8870 Sep  4 13:46 slf4j-log4j12-1.7.7.jar\r\n[1.728840] -rw-rw-r-- 1 tmc tmc   18109 Sep  4 13:46 system-rules-1.5.0.jar\r\n[1.728879] -rw-rw-r-- 1 tmc tmc 5804816 Sep  4 13:46 tmc-checkstyle-runner.jar\r\n[1.728926] -rw-r--r-- 1 tmc tmc 7374386 Sep  4 13:46 tools.jar\r\n[1.728987] \r\n[1.728994] ./lib:\r\n[1.729395] total 268\r\n[1.729407] drwxrwxr-x 3 tmc tmc    100 Sep  4 13:46 .\r\n[1.729417] drwxrwxr-x 6 tmc tmc    180 Sep  4 13:46 ..\r\n[1.729438] -rw-rw-r-- 1 tmc tmc  18996 Sep  4 13:46 edu-test-utils.jar\r\n[1.729504] -rw-rw-r-- 1 tmc tmc 253160 Sep  4 13:46 junit-4.10.jar\r\n[1.729544] drwxrwxr-x 2 tmc tmc    120 Sep  4 13:46 testrunner\r\n[1.729629] \r\n[1.729638] ./lib/testrunner:\r\n[1.730088] total 500\r\n[1.730100] drwxrwxr-x 2 tmc tmc    120 Sep  4 13:46 .\r\n[1.730110] drwxrwxr-x 3 tmc tmc    100 Sep  4 13:46 ..\r\n[1.730131] -rw-rw-r-- 1 tmc tmc 190432 Sep  4 13:46 gson-2.2.4.jar\r\n[1.730196] -rw-rw-r-- 1 tmc tmc  45024 Sep  4 13:46 hamcrest-core-1.3.jar\r\n[1.730266] -rw-rw-r-- 1 tmc tmc 245039 Sep  4 13:46 junit-4.11.jar\r\n[1.730271] -rw-rw-r-- 1 tmc tmc  27709 Sep  4 13:46 tmc-junit-runner.jar\r\n[1.730330] \r\n[1.730337] ./src:\r\n[1.730624] total 4\r\n[1.730635] drwxrwxr-x 2 tmc tmc  60 Sep  4 13:46 .\r\n[1.730645] drwxrwxr-x 6 tmc tmc 180 Sep  4 13:46 ..\r\n[1.730666] -rw-rw-r-- 1 tmc tmc 596 Sep  4 13:46 SimpleStuff.java\r\n[1.730748] \r\n[1.730755] ./test:\r\n[1.731111] total 8\r\n[1.731151] drwxrwxr-x 2 tmc tmc  80 Sep  4 13:46 .\r\n[1.731171] drwxrwxr-x 6 tmc tmc 180 Sep  4 13:46 ..\r\n[1.731242] -rw-rw-r-- 1 tmc tmc 402 Sep  4 13:46 SimpleHiddenTest.java\r\n[1.731288] -rw-rw-r-- 1 tmc tmc 646 Sep  4 13:46 SimpleTest.java\r\n[1.732455] Compiling project...\r\n[1.919764] RAM used by ramdisk: 22356 KB\r\n[1.919998] RAM for sandbox: 32768 KB\r\n[1.920080] RAM for program: 195152 KB\r\n[7.269872] Running tests...\r\n[11.124206] 2015-09-04 13:46:55,587 [main] INFO  fi.helsinki.cs.tmc.stylerunner.configuration.TMCCheckstyleConfiguration - Configuration file not found, searching for custom default configuration.\r\n[11.124997] 2015-09-04 13:46:55,591 [main] INFO  fi.helsinki.cs.tmc.stylerunner.configuration.TMCCheckstyleConfiguration - Custom configuration not found, using default configuration.\r\n[16.269470] tmc-run completed successfully\r\n[16.285422] Completed tmc-run. Exit code: 0\r\n[16.458415] Shutting down...\r\n[16.462887] reboot: System halted\n[16.463852] \n","token":"3383217357955162635372803625511136836276097065567237227811577717619217467408312821382196247216057532","status":"finished","exit_code":"0"}; TI"€52dae096e8eb25ec32b8a07862f5ee6a6c47f343c346d1c72a5983d14b55048387e7c1f3ab6122dfc8b556d2d0ace5de2db53df49c2ea5a589bfb6acd16c54e0; TI")'{"test_output":"src/SimpleStuff.java:6: error: ';' expected\nBAD INPUT oops // METHOD BODY add\n         ^\nsrc/SimpleStuff.java:6: error: not a statement\nBAD INPUT oops // METHOD BODY add\n          ^\nsrc/SimpleStuff.java:6: error: ';' expected\nBAD INPUT oops // METHOD BODY add\n              ^\n3 errors\n","stdout":"","stderr":"","valgrind":"","validations":"","vm_log":"[0.012879] Checking that ptrace can change system call numbers...Core dump limits :\n[0.012961] \tsoft - 0\n[0.012973] \thard - NONE\n[0.012980] OK\n[0.013214] Checking syscall emulation patch for ptrace...Core dump limits :\n[0.013224] \tsoft - 0\n[0.013228] \thard - NONE\n[0.013310] OK\n[0.014601] Checking advanced syscall emulation patch for ptrace...Core dump limits :\n[0.014618] \tsoft - 0\n[0.014626] \thard - NONE\n[0.014706] OK\n[0.015078] Core dump limits :\n[0.015087] \tsoft - 0\n[0.015091] \thard - NONE\n[0.015095] Checking for tmpfs mount on /dev/shm.../run/shm...OK\n[0.015309] Checking PROT_EXEC mmap in /dev/shm/...OK\n[0.015414] Checking for the skas3 patch in the host:\n[0.015428]   - /proc/mm...not found: No such file or directory\n[0.015586]   - PTRACE_FAULTINFO...not found\n[0.015644] OK\n[0.015858]   - PTRACE_LDT...not found\n[0.015917] OK\n[0.018685] OK\n[0.018707] UML running in SKAS0 mode\n[0.018712] Adding 17092608 bytes to physical memory to account for exec-shield gap\n[0.099692] Linux version 3.11.10 (root@tmc) (gcc version 4.8.2 (Ubuntu 4.8.2-19ubuntu1) ) #1 Sun Aug 2 20:07:19 CEST 2015\n[0.099717] Built 1 zonelists in Zone order, mobility grouping on.  Total pages: 68755\n[0.099723] Kernel command line: initrd=/home/tmc/tmc-server/ext/tmc-sandbox/uml/output/initrd.img mem=256M uml_dir=/home/tmc/tmc-server/ext/tmc-sandbox/web/work/uml ubdarc=/home/tmc/tmc-server/ext/tmc-sandbox/uml/output/rootfs.squashfs ubdbr=/home/tmc/tmc-server/ext/tmc-sandbox/web/work/0/task.tar ubdc=/home/tmc/tmc-server/ext/tmc-sandbox/web/work/0/output.tar eth0=tuntap,tap_tmc0,,192.168.100.1 con=null,fd:1 root=98:0\n[0.099728] PID hash table entries: 2048 (order: 2, 16384 bytes)\n[0.099731] Dentry cache hash table entries: 65536 (order: 7, 524288 bytes)\n[0.099735] Inode-cache hash table entries: 32768 (order: 6, 262144 bytes)\n[0.099748] Sorting __ex_table...\n[0.099753] Memory: 249448K/278836K available (2100K kernel code, 188K rwdata, 1040K rodata, 97K init, 137K bss, 29388K reserved)\n[0.099757] NR_IRQS:15\n[0.099761] Calibrating delay loop... 6909.13 BogoMIPS (lpj=34545664)\n[0.099773] pid_max: default: 32768 minimum: 301\n[0.099778] Mount-cache hash table entries: 256\n[0.099786] Checking that host ptys support output SIGIO...Yes\n[0.099791] Checking that host ptys support SIGIO on close...No, enabling workaround\n[0.099794] Using 2.6 host AIO\n[0.099797] NET: Registered protocol family 16\n[0.099800] bio: create slab <bio-0> at 0\n[0.099803] Switched to clocksource itimer\n[0.099807] NET: Registered protocol family 2\n[0.099810] TCP established hash table entries: 4096 (order: 4, 65536 bytes)\n[0.099813] TCP bind hash table entries: 4096 (order: 3, 32768 bytes)\n[0.099816] TCP: Hash tables configured (established 4096 bind 4096)\n[0.099819] TCP: reno registered\n[0.099822] UDP hash table entries: 256 (order: 1, 8192 bytes)\n[0.099825] UDP-Lite hash table entries: 256 (order: 1, 8192 bytes)\n[0.099828] NET: Registered protocol family 1\n[0.099831] Unpacking initramfs...\n[0.099834] Freeing initrd memory: 584K (0000000061bbd000 - 0000000061c4f000)\n[0.099837] squashfs: version 4.0 (2009/01/31) Phillip Lougher\n[0.099840] aufs 3.11-20141208\n[0.099843] msgmni has been set to 488\n[0.099846] io scheduler noop registered\n[0.099849] io scheduler deadline registered\n[0.099852] io scheduler cfq registered (default)\n[0.099855] loop: module loaded\n[0.099858] TCP: cubic registered\n[0.099861] NET: Registered protocol family 17\n[0.099864] Initialized stdio console driver\n[0.099867] Console initialized on /dev/tty0\n[0.099884] console [tty0] enabled\n[0.099888] Initializing software serial port version 1\n[0.100755] Not locking \"/home/tmc/tmc-server/ext/tmc-sandbox/uml/output/rootfs.squashfs\" on the host\n[0.101293]  ubda: unknown partition table\n[0.101827]  ubdb: unknown partition table\n[0.102347]  ubdc: unknown partition table\n[0.102417] Choosing a random ethernet address for device eth0\n[0.102456] Netdevice 0 (2e:18:b8:35:66:12) : \n[0.102462] TUN/TAP backend - IP = 192.168.100.1\n[0.129166] TMC customized initrd starting\r\n[0.175461] Not locking \"/home/tmc/tmc-server/ext/tmc-sandbox/uml/output/rootfs.squashfs\" on the host\n[0.198448] aufs test_add:305:mount[259]: uid/gid/perm /ro 0/0/0755, 0/0/01777\n[0.247371] Entering tmc-init\r\n[0.404146] warning: can't open /etc/fstab: No such file or directory\r\n[0.820032] Setting up network on TAP device with IP 192.168.100.1\r\n[0.883507] Using internal IP address 192.168.100.2\r\n[1.193572] Starting tmc-run\r\n[1.316909] Setting error_msg_locale\r\n[1.541809] Total RAM: 250032KB\r\n[1.645772] RAM used by ramdisk initially: 22356 KB\r\n[1.646128] Project type: java_simple\r\n[1.654824] Files in /tmc:\r\n[1.680310] .:\r\n[1.681520] total 16\r\n[1.682387] drwxrwxr-x  6 tmc  tmc   180 Sep  4 13:40 .\r\n[1.682463] drwxrwxrwt 28 root root  220 Sep  4 13:40 ..\r\n[1.682539] drwxrwxr-x  2 tmc  tmc   600 Sep  4 13:40 checkstyle-runner\r\n[1.682632] -rw-rw-r--  1 tmc  tmc    32 Sep  4 13:40 .gitignore\r\n[1.682727] drwxrwxr-x  3 tmc  tmc   100 Sep  4 13:40 lib\r\n[1.682807] drwxrwxr-x  2 tmc  tmc    60 Sep  4 13:40 src\r\n[1.682872] drwxrwxr-x  2 tmc  tmc    80 Sep  4 13:40 test\r\n[1.682937] -rw-rw-r--  1 tmc  tmc    52 Sep  4 13:40 .tmcparams\r\n[1.683063] -rwxrwxr-x  1 tmc  tmc  6764 Sep  4 13:40 tmc-run\r\n[1.683177] \r\n[1.683224] ./checkstyle-runner:\r\n[1.685296] total 21428\r\n[1.685381] drwxrwxr-x 2 tmc tmc     600 Sep  4 13:40 .\r\n[1.685457] drwxrwxr-x 6 tmc tmc     180 Sep  4 13:40 ..\r\n[1.685522] -rw-rw-r-- 1 tmc tmc  445288 Sep  4 13:40 antlr-2.7.7.jar\r\n[1.685587] -rw-rw-r-- 1 tmc tmc  660403 Sep  4 13:40 checkstyle-5.7.jar\r\n[1.685652] -rw-rw-r-- 1 tmc tmc  206711 Sep  4 13:40 commons-beanutils-core-1.8.3.jar\r\n[1.685816] -rw-rw-r-- 1 tmc tmc   41123 Sep  4 13:40 commons-cli-1.2.jar\r\n[1.685885] -rw-rw-r-- 1 tmc tmc  185140 Sep  4 13:40 commons-io-2.4.jar\r\n[1.685950] -rw-rw-r-- 1 tmc tmc   60686 Sep  4 13:40 commons-logging-1.1.1.jar\r\n[1.686025] -rw-rw-r-- 1 tmc tmc 2003263 Sep  4 13:40 guava-jdk5-14.0.1.jar\r\n[1.686088] -rw-rw-r-- 1 tmc tmc   45024 Sep  4 13:40 hamcrest-core-1.3.jar\r\n[1.686151] -rw-rw-r-- 1 tmc tmc   38605 Sep  4 13:40 jackson-annotations-2.4.0.jar\r\n[1.686214] -rw-rw-r-- 1 tmc tmc  225356 Sep  4 13:40 jackson-core-2.4.1.1.jar\r\n[1.686277] -rw-rw-r-- 1 tmc tmc 1074135 Sep  4 13:40 jackson-databind-2.4.1.3.jar\r\n[1.686340] -rw-rw-r-- 1 tmc tmc  324650 Sep  4 13:40 jackson-dataformat-yaml-2.4.1.jar\r\n[1.686402] -rw-rw-r-- 1 tmc tmc  714194 Sep  4 13:40 javassist-3.18.1-GA.jar\r\n[1.686464] -rw-rw-r-- 1 tmc tmc  245039 Sep  4 13:40 junit-4.11.jar\r\n[1.686527] -rw-rw-r-- 1 tmc tmc  489884 Sep  4 13:40 log4j-1.2.17.jar\r\n[1.686685] -rw-rw-r-- 1 tmc tmc 1581066 Sep  4 13:40 mockito-all-1.9.5.jar\r\n[1.686766] -rw-rw-r-- 1 tmc tmc   41755 Sep  4 13:40 objenesis-2.1.jar\r\n[1.686830] -rw-rw-r-- 1 tmc tmc   69751 Sep  4 13:40 powermock-api-mockito-1.5.4.jar\r\n[1.686893] -rw-rw-r-- 1 tmc tmc   18547 Sep  4 13:40 powermock-api-support-1.5.4.jar\r\n[1.686966] -rw-rw-r-- 1 tmc tmc   83895 Sep  4 13:40 powermock-core-1.5.4.jar\r\n[1.687039] -rw-rw-r-- 1 tmc tmc   23755 Sep  4 13:40 powermock-module-junit4-1.5.4.jar\r\n[1.687113] -rw-rw-r-- 1 tmc tmc   13509 Sep  4 13:40 powermock-module-junit4-common-1.5.4.jar\r\n[1.687177] -rw-rw-r-- 1 tmc tmc   43262 Sep  4 13:40 powermock-reflect-1.5.4.jar\r\n[1.687241] -rw-rw-r-- 1 tmc tmc   29257 Sep  4 13:40 slf4j-api-1.7.7.jar\r\n[1.687782] -rw-rw-r-- 1 tmc tmc    8870 Sep  4 13:40 slf4j-log4j12-1.7.7.jar\r\n[1.687852] -rw-rw-r-- 1 tmc tmc   18109 Sep  4 13:40 system-rules-1.5.0.jar\r\n[1.687917] -rw-rw-r-- 1 tmc tmc 5804816 Sep  4 13:40 tmc-checkstyle-runner.jar\r\n[1.687982] -rw-r--r-- 1 tmc tmc 7374386 Sep  4 13:40 tools.jar\r\n[1.688092] \r\n[1.688169] ./lib:\r\n[1.688727] total 268\r\n[1.688819] drwxrwxr-x 3 tmc tmc    100 Sep  4 13:40 .\r\n[1.688886] drwxrwxr-x 6 tmc tmc    180 Sep  4 13:40 ..\r\n[1.688983] -rw-rw-r-- 1 tmc tmc  18996 Sep  4 13:40 edu-test-utils.jar\r\n[1.689049] -rw-rw-r-- 1 tmc tmc 253160 Sep  4 13:40 junit-4.10.jar\r\n[1.689114] drwxrwxr-x 2 tmc tmc    120 Sep  4 13:40 testrunner\r\n[1.689193] \r\n[1.689239] ./lib/testrunner:\r\n[1.690089] total 500\r\n[1.690271] drwxrwxr-x 2 tmc tmc    120 Sep  4 13:40 .\r\n[1.690385] drwxrwxr-x 3 tmc tmc    100 Sep  4 13:40 ..\r\n[1.690501] -rw-rw-r-- 1 tmc tmc 190432 Sep  4 13:40 gson-2.2.4.jar\r\n[1.690696] -rw-rw-r-- 1 tmc tmc  45024 Sep  4 13:40 hamcrest-core-1.3.jar\r\n[1.690810] -rw-rw-r-- 1 tmc tmc 245039 Sep  4 13:40 junit-4.11.jar\r\n[1.690927] -rw-rw-r-- 1 tmc tmc  27709 Sep  4 13:40 tmc-junit-runner.jar\r\n[1.691046] \r\n[1.691101] ./src:\r\n[1.691458] total 4\r\n[1.691539] drwxrwxr-x 2 tmc tmc  60 Sep  4 13:40 .\r\n[1.691664] drwxrwxr-x 6 tmc tmc 180 Sep  4 13:40 ..\r\n[1.691753] -rw-rw-r-- 1 tmc tmc 593 Sep  4 13:40 SimpleStuff.java\r\n[1.691838] \r\n[1.691890] ./test:\r\n[1.692364] total 8\r\n[1.692533] drwxrwxr-x 2 tmc tmc  80 Sep  4 13:40 .\r\n[1.692660] drwxrwxr-x 6 tmc tmc 180 Sep  4 13:40 ..\r\n[1.692773] -rw-rw-r-- 1 tmc tmc 402 Sep  4 13:40 SimpleHiddenTest.java\r\n[1.692924] -rw-rw-r-- 1 tmc tmc 646 Sep  4 13:40 SimpleTest.java\r\n[1.694600] Compiling project...\r\n[1.875010] RAM used by ramdisk: 22356 KB\r\n[1.875082] RAM for sandbox: 32768 KB\r\n[1.875095] RAM for program: 194908 KB\r\n[4.247658] Completed tmc-run. Exit code: 101\r\n[4.407489] Shutting down...\r\n[4.412704] reboot: System halted\n[4.413544] \n","token":"1721152984902464473581095392496620164623405550036869201340212111247223814717876666084273535140316458","status":"failed","exit_code":"101"}; TI"€0ad0286a330313e8ec0b0cb7b8b5a0b7f53db0f256a459cd5e7c8be13b76bd825d473e6669ccd18e55673ca882e0445d6732c02e6648d379df16b46bcac2892e; TI"µ'{"test_output":"src/SimpleStuff.java:6: error: ';' expected\nBAD INPUT oops // METHOD BODY add\n         ^\nsrc/SimpleStuff.java:6: error: not a statement\nBAD INPUT oops // METHOD BODY add\n          ^\nsrc/SimpleStuff.java:6: error: ';' expected\nBAD INPUT oops // METHOD BODY add\n              ^\n3 errors\n","stdout":"","stderr":"","valgrind":"","validations":"","vm_log":"[0.015204] Checking that ptrace can change system call numbers...Core dump limits :\n[0.015295] \tsoft - 0\n[0.015311] \thard - NONE\n[0.015338] OK\n[0.015627] Checking syscall emulation patch for ptrace...Core dump limits :\n[0.015635] \tsoft - 0\n[0.015638] \thard - NONE\n[0.015662] OK\n[0.017028] Checking advanced syscall emulation patch for ptrace...Core dump limits :\n[0.017036] \tsoft - 0\n[0.017039] \thard - NONE\n[0.017062] OK\n[0.017246] Core dump limits :\n[0.017254] \tsoft - 0\n[0.017257] \thard - NONE\n[0.017261] Checking for tmpfs mount on /dev/shm.../run/shm...OK\n[0.017561] Checking PROT_EXEC mmap in /dev/shm/...OK\n[0.017595] Checking for the skas3 patch in the host:\n[0.017646]   - /proc/mm...not found: No such file or directory\n[0.017816]   - PTRACE_FAULTINFO...not found\n[0.017919] OK\n[0.018128]   - PTRACE_LDT...not found\n[0.018285] OK\n[0.022997] OK\n[0.023044] UML running in SKAS0 mode\n[0.023055] Adding 13283328 bytes to physical memory to account for exec-shield gap\n[0.208142] Linux version 3.11.10 (root@tmc) (gcc version 4.8.2 (Ubuntu 4.8.2-19ubuntu1) ) #1 Sun Aug 2 20:07:19 CEST 2015\n[0.208208] Built 1 zonelists in Zone order, mobility grouping on.  Total pages: 67838\n[0.208228] Kernel command line: initrd=/home/tmc/tmc-server/ext/tmc-sandbox/uml/output/initrd.img mem=256M uml_dir=/home/tmc/tmc-server/ext/tmc-sandbox/web/work/uml ubdarc=/home/tmc/tmc-server/ext/tmc-sandbox/uml/output/rootfs.squashfs ubdbr=/home/tmc/tmc-server/ext/tmc-sandbox/web/work/0/task.tar ubdc=/home/tmc/tmc-server/ext/tmc-sandbox/web/work/0/output.tar eth0=tuntap,tap_tmc0,,192.168.100.1 con=null,fd:1 root=98:0\n[0.208252] PID hash table entries: 2048 (order: 2, 16384 bytes)\n[0.208279] Dentry cache hash table entries: 65536 (order: 7, 524288 bytes)\n[0.208293] Inode-cache hash table entries: 32768 (order: 6, 262144 bytes)\n[0.208308] Sorting __ex_table...\n[0.208322] Memory: 249556K/275116K available (2100K kernel code, 188K rwdata, 1040K rodata, 97K init, 137K bss, 25560K reserved)\n[0.208337] NR_IRQS:15\n[0.208352] Calibrating delay loop... 4891.44 BogoMIPS (lpj=24457216)\n[0.208366] pid_max: default: 32768 minimum: 301\n[0.208380] Mount-cache hash table entries: 256\n[0.208395] Checking that host ptys support output SIGIO...Yes\n[0.208409] Checking that host ptys support SIGIO on close...No, enabling workaround\n[0.208422] Using 2.6 host AIO\n[0.208466] NET: Registered protocol family 16\n[0.208848] bio: create slab <bio-0> at 0\n[0.208865] Switched to clocksource itimer\n[0.208880] NET: Registered protocol family 2\n[0.208895] TCP established hash table entries: 4096 (order: 4, 65536 bytes)\n[0.208909] TCP bind hash table entries: 4096 (order: 3, 32768 bytes)\n[0.208924] TCP: Hash tables configured (established 4096 bind 4096)\n[0.208938] TCP: reno registered\n[0.208953] UDP hash table entries: 256 (order: 1, 8192 bytes)\n[0.208968] UDP-Lite hash table entries: 256 (order: 1, 8192 bytes)\n[0.208982] NET: Registered protocol family 1\n[0.208997] Unpacking initramfs...\n[0.209012] Freeing initrd memory: 584K (0000000061bb0000 - 0000000061c42000)\n[0.209026] squashfs: version 4.0 (2009/01/31) Phillip Lougher\n[0.209040] aufs 3.11-20141208\n[0.209055] msgmni has been set to 488\n[0.209070] io scheduler noop registered\n[0.209084] io scheduler deadline registered\n[0.209098] io scheduler cfq registered (default)\n[0.209113] loop: module loaded\n[0.209127] TCP: cubic registered\n[0.209142] NET: Registered protocol family 17\n[0.209157] Initialized stdio console driver\n[0.209182] Console initialized on /dev/tty0\n[0.209203] console [tty0] enabled\n[0.209220] Initializing software serial port version 1\n[0.210411] Not locking \"/home/tmc/tmc-server/ext/tmc-sandbox/uml/output/rootfs.squashfs\" on the host\n[0.212779]  ubda: unknown partition table\n[0.213450]  ubdb: unknown partition table\n[0.225507]  ubdc: unknown partition table\n[0.225711] Choosing a random ethernet address for device eth0\n[0.225811] Netdevice 0 (72:10:6c:45:e2:44) : \n[0.225876] TUN/TAP backend - IP = 192.168.100.1\n[0.236298] TMC customized initrd starting\r\n[0.265202] Not locking \"/home/tmc/tmc-server/ext/tmc-sandbox/uml/output/rootfs.squashfs\" on the host\n[0.287747] aufs test_add:305:mount[259]: uid/gid/perm /ro 0/0/0755, 0/0/01777\n[0.334895] Entering tmc-init\r\n[0.487683] warning: can't open /etc/fstab: No such file or directory\r\n[0.923229] Setting up network on TAP device with IP 192.168.100.1\r\n[0.990042] Using internal IP address 192.168.100.2\r\n[1.308924] Starting tmc-run\r\n[1.443825] Setting error_msg_locale\r\n[1.664926] Total RAM: 250140KB\r\n[1.740229] RAM used by ramdisk initially: 22364 KB\r\n[1.740456] Project type: java_simple\r\n[1.753817] Files in /tmc:\r\n[1.781091] .:\r\n[1.782258] total 20\r\n[1.783056] drwxrwxr-x  6 tmc  tmc   200 Sep  4 13:41 .\r\n[1.783077] drwxrwxrwt 28 root root  220 Sep  4 13:41 ..\r\n[1.783148] drwxrwxr-x  2 tmc  tmc   600 Sep  4 13:41 checkstyle-runner\r\n[1.783190] -rw-rw-r--  1 tmc  tmc    32 Sep  4 13:41 .gitignore\r\n[1.783229] drwxrwxr-x  3 tmc  tmc   100 Sep  4 13:41 lib\r\n[1.783284] drwxrwxr-x  2 tmc  tmc    60 Sep  4 13:41 src\r\n[1.783298] drwxrwxr-x  2 tmc  tmc   100 Sep  4 13:41 test\r\n[1.783364] -rw-rw-r--  1 tmc  tmc    52 Sep  4 13:41 .tmcparams\r\n[1.783402] -rw-rw-r--  1 tmc  tmc    45 Sep  4 13:41 .tmcproject.yml\r\n[1.783460] -rwxrwxr-x  1 tmc  tmc  6764 Sep  4 13:41 tmc-run\r\n[1.783572] \r\n[1.783579] ./checkstyle-runner:\r\n[1.785555] total 21428\r\n[1.785567] drwxrwxr-x 2 tmc tmc     600 Sep  4 13:41 .\r\n[1.785579] drwxrwxr-x 6 tmc tmc     200 Sep  4 13:41 ..\r\n[1.785633] -rw-rw-r-- 1 tmc tmc  445288 Sep  4 13:41 antlr-2.7.7.jar\r\n[1.785645] -rw-rw-r-- 1 tmc tmc  660403 Sep  4 13:41 checkstyle-5.7.jar\r\n[1.785714] -rw-rw-r-- 1 tmc tmc  206711 Sep  4 13:41 commons-beanutils-core-1.8.3.jar\r\n[1.785753] -rw-rw-r-- 1 tmc tmc   41123 Sep  4 13:41 commons-cli-1.2.jar\r\n[1.785810] -rw-rw-r-- 1 tmc tmc  185140 Sep  4 13:41 commons-io-2.4.jar\r\n[1.785868] -rw-rw-r-- 1 tmc tmc   60686 Sep  4 13:41 commons-logging-1.1.1.jar\r\n[1.785925] -rw-rw-r-- 1 tmc tmc 2003263 Sep  4 13:41 guava-jdk5-14.0.1.jar\r\n[1.785983] -rw-rw-r-- 1 tmc tmc   45024 Sep  4 13:41 hamcrest-core-1.3.jar\r\n[1.786046] -rw-rw-r-- 1 tmc tmc   38605 Sep  4 13:41 jackson-annotations-2.4.0.jar\r\n[1.786087] -rw-rw-r-- 1 tmc tmc  225356 Sep  4 13:41 jackson-core-2.4.1.1.jar\r\n[1.786124] -rw-rw-r-- 1 tmc tmc 1074135 Sep  4 13:41 jackson-databind-2.4.1.3.jar\r\n[1.786161] -rw-rw-r-- 1 tmc tmc  324650 Sep  4 13:41 jackson-dataformat-yaml-2.4.1.jar\r\n[1.786218] -rw-rw-r-- 1 tmc tmc  714194 Sep  4 13:41 javassist-3.18.1-GA.jar\r\n[1.786276] -rw-rw-r-- 1 tmc tmc  245039 Sep  4 13:41 junit-4.11.jar\r\n[1.786333] -rw-rw-r-- 1 tmc tmc  489884 Sep  4 13:41 log4j-1.2.17.jar\r\n[1.786390] -rw-rw-r-- 1 tmc tmc 1581066 Sep  4 13:41 mockito-all-1.9.5.jar\r\n[1.786429] -rw-rw-r-- 1 tmc tmc   41755 Sep  4 13:41 objenesis-2.1.jar\r\n[1.786493] -rw-rw-r-- 1 tmc tmc   69751 Sep  4 13:41 powermock-api-mockito-1.5.4.jar\r\n[1.786548] -rw-rw-r-- 1 tmc tmc   18547 Sep  4 13:41 powermock-api-support-1.5.4.jar\r\n[1.786604] -rw-rw-r-- 1 tmc tmc   83895 Sep  4 13:41 powermock-core-1.5.4.jar\r\n[1.786660] -rw-rw-r-- 1 tmc tmc   23755 Sep  4 13:41 powermock-module-junit4-1.5.4.jar\r\n[1.786716] -rw-rw-r-- 1 tmc tmc   13509 Sep  4 13:41 powermock-module-junit4-common-1.5.4.jar\r\n[1.786771] -rw-rw-r-- 1 tmc tmc   43262 Sep  4 13:41 powermock-reflect-1.5.4.jar\r\n[1.786795] -rw-rw-r-- 1 tmc tmc   29257 Sep  4 13:41 slf4j-api-1.7.7.jar\r\n[1.786903] -rw-rw-r-- 1 tmc tmc    8870 Sep  4 13:41 slf4j-log4j12-1.7.7.jar\r\n[1.786921] -rw-rw-r-- 1 tmc tmc   18109 Sep  4 13:41 system-rules-1.5.0.jar\r\n[1.786961] -rw-rw-r-- 1 tmc tmc 5804816 Sep  4 13:41 tmc-checkstyle-runner.jar\r\n[1.786998] -rw-r--r-- 1 tmc tmc 7374386 Sep  4 13:41 tools.jar\r\n[1.787125] \r\n[1.787137] ./lib:\r\n[1.787521] total 268\r\n[1.787533] drwxrwxr-x 3 tmc tmc    100 Sep  4 13:41 .\r\n[1.787543] drwxrwxr-x 6 tmc tmc    200 Sep  4 13:41 ..\r\n[1.787615] -rw-rw-r-- 1 tmc tmc  18996 Sep  4 13:41 edu-test-utils.jar\r\n[1.787655] -rw-rw-r-- 1 tmc tmc 253160 Sep  4 13:41 junit-4.10.jar\r\n[1.787693] drwxrwxr-x 2 tmc tmc    120 Sep  4 13:41 testrunner\r\n[1.787760] \r\n[1.787767] ./lib/testrunner:\r\n[1.788198] total 500\r\n[1.788238] drwxrwxr-x 2 tmc tmc    120 Sep  4 13:41 .\r\n[1.788302] drwxrwxr-x 3 tmc tmc    100 Sep  4 13:41 ..\r\n[1.788367] -rw-rw-r-- 1 tmc tmc 190432 Sep  4 13:41 gson-2.2.4.jar\r\n[1.788372] -rw-rw-r-- 1 tmc tmc  45024 Sep  4 13:41 hamcrest-core-1.3.jar\r\n[1.788409] -rw-rw-r-- 1 tmc tmc 245039 Sep  4 13:41 junit-4.11.jar\r\n[1.788466] -rw-rw-r-- 1 tmc tmc  27709 Sep  4 13:41 tmc-junit-runner.jar\r\n[1.788544] \r\n[1.788551] ./src:\r\n[1.788795] total 4\r\n[1.788850] drwxrwxr-x 2 tmc tmc  60 Sep  4 13:41 .\r\n[1.788906] drwxrwxr-x 6 tmc tmc 200 Sep  4 13:41 ..\r\n[1.788972] -rw-rw-r-- 1 tmc tmc 593 Sep  4 13:41 SimpleStuff.java\r\n[1.789077] \r\n[1.789088] ./test:\r\n[1.789515] total 12\r\n[1.789533] drwxrwxr-x 2 tmc tmc 100 Sep  4 13:41 .\r\n[1.789596] drwxrwxr-x 6 tmc tmc 200 Sep  4 13:41 ..\r\n[1.789618] -rw-rw-r-- 1 tmc tmc  10 Sep  4 13:41 extraFile.java\r\n[1.789686] -rw-rw-r-- 1 tmc tmc 402 Sep  4 13:41 SimpleHiddenTest.java\r\n[1.789725] -rw-rw-r-- 1 tmc tmc 646 Sep  4 13:41 SimpleTest.java\r\n[1.790607] Compiling project...\r\n[2.014156] RAM used by ramdisk: 22364 KB\r\n[2.014252] RAM for sandbox: 32768 KB\r\n[2.014265] RAM for program: 195008 KB\r\n[4.187058] Completed tmc-run. Exit code: 101\r\n[4.349909] Shutting down...\r\n[4.354702] reboot: System halted\n[4.355449] \n","token":"3255070159541595734699160908655603802660712659327618981170905530446320127304705725464043013836663580","status":"failed","exit_code":"101"}; TI"€e62267e59dd537bafad0e7a95f00219774a974035bb091dd2f3971ba321a094cb7fec0b434d236f6d4840895f4a33bd34ae4a51859bfa814a9e898f85d02d353; TI"W*{"test_output":"[{\"className\":\"SimpleHiddenTest\",\"methodName\":\"testMultiply\",\"pointNames\":[\"both-test-files\",\"mul\"],\"status\":\"PASSED\"},{\"className\":\"SimpleTest\",\"methodName\":\"testAdd\",\"pointNames\":[\"simpletest-all\",\"both-test-files\",\"addsub\"],\"status\":\"PASSED\"},{\"className\":\"SimpleTest\",\"methodName\":\"testSubtract\",\"pointNames\":[\"simpletest-all\",\"both-test-files\",\"addsub\",\"justsub\"],\"status\":\"PASSED\"},{\"className\":\"SimpleTest\",\"methodName\":\"testEmptyMethod\",\"pointNames\":[\"simpletest-all\",\"both-test-files\"],\"status\":\"PASSED\"}]","stdout":"","stderr":"","valgrind":"","validations":"{\"strategy\":\"DISABLED\",\"validationErrors\":{}}","vm_log":"[0.012628] Checking that ptrace can change system call numbers...Core dump limits :\n[0.013076] \tsoft - 0\n[0.013100] \thard - NONE\n[0.013110] OK\n[0.013114] Checking syscall emulation patch for ptrace...Core dump limits :\n[0.013118] \tsoft - 0\n[0.013121] \thard - NONE\n[0.013124] OK\n[0.014404] Checking advanced syscall emulation patch for ptrace...Core dump limits :\n[0.014417] \tsoft - 0\n[0.014425] \thard - NONE\n[0.014513] OK\n[0.014833] Core dump limits :\n[0.014853] \tsoft - 0\n[0.014863] \thard - NONE\n[0.014870] Checking for tmpfs mount on /dev/shm.../run/shm...OK\n[0.015092] Checking PROT_EXEC mmap in /dev/shm/...OK\n[0.015168] Checking for the skas3 patch in the host:\n[0.015183]   - /proc/mm...not found: No such file or directory\n[0.015338]   - PTRACE_FAULTINFO...not found\n[0.015376] OK\n[0.015619]   - PTRACE_LDT...not found\n[0.015693] OK\n[0.018627] OK\n[0.018714] UML running in SKAS0 mode\n[0.018720] Adding 29794304 bytes to physical memory to account for exec-shield gap\n[0.096697] Linux version 3.11.10 (root@tmc) (gcc version 4.8.2 (Ubuntu 4.8.2-19ubuntu1) ) #1 Sun Aug 2 20:07:19 CEST 2015\n[0.096727] Built 1 zonelists in Zone order, mobility grouping on.  Total pages: 71814\n[0.096735] Kernel command line: initrd=/home/tmc/tmc-server/ext/tmc-sandbox/uml/output/initrd.img mem=256M uml_dir=/home/tmc/tmc-server/ext/tmc-sandbox/web/work/uml ubdarc=/home/tmc/tmc-server/ext/tmc-sandbox/uml/output/rootfs.squashfs ubdbr=/home/tmc/tmc-server/ext/tmc-sandbox/web/work/0/task.tar ubdc=/home/tmc/tmc-server/ext/tmc-sandbox/web/work/0/output.tar eth0=tuntap,tap_tmc0,,192.168.100.1 con=null,fd:1 root=98:0\n[0.096743] PID hash table entries: 2048 (order: 2, 16384 bytes)\n[0.096750] Dentry cache hash table entries: 65536 (order: 7, 524288 bytes)\n[0.096757] Inode-cache hash table entries: 32768 (order: 6, 262144 bytes)\n[0.096763] Sorting __ex_table...\n[0.096769] Memory: 249112K/291240K available (2100K kernel code, 188K rwdata, 1040K rodata, 97K init, 137K bss, 42128K reserved)\n[0.096775] NR_IRQS:15\n[0.096797] Calibrating delay loop... 7695.56 BogoMIPS (lpj=38477824)\n[0.096805] pid_max: default: 32768 minimum: 301\n[0.096812] Mount-cache hash table entries: 256\n[0.096819] Checking that host ptys support output SIGIO...Yes\n[0.096825] Checking that host ptys support SIGIO on close...No, enabling workaround\n[0.096831] Using 2.6 host AIO\n[0.096838] NET: Registered protocol family 16\n[0.096844] bio: create slab <bio-0> at 0\n[0.096851] Switched to clocksource itimer\n[0.096857] NET: Registered protocol family 2\n[0.096863] TCP established hash table entries: 4096 (order: 4, 65536 bytes)\n[0.096870] TCP bind hash table entries: 4096 (order: 3, 32768 bytes)\n[0.096876] TCP: Hash tables configured (established 4096 bind 4096)\n[0.096882] TCP: reno registered\n[0.096889] UDP hash table entries: 256 (order: 1, 8192 bytes)\n[0.096895] UDP-Lite hash table entries: 256 (order: 1, 8192 bytes)\n[0.096909] NET: Registered protocol family 1\n[0.096916] Unpacking initramfs...\n[0.096923] Freeing initrd memory: 584K (00000000627e7000 - 0000000062879000)\n[0.096930] squashfs: version 4.0 (2009/01/31) Phillip Lougher\n[0.096936] aufs 3.11-20141208\n[0.096943] msgmni has been set to 487\n[0.096949] io scheduler noop registered\n[0.096973] io scheduler deadline registered\n[0.096981] io scheduler cfq registered (default)\n[0.096988] loop: module loaded\n[0.096995] TCP: cubic registered\n[0.097001] NET: Registered protocol family 17\n[0.097008] Initialized stdio console driver\n[0.097015] Console initialized on /dev/tty0\n[0.097021] console [tty0] enabled\n[0.097028] Initializing software serial port version 1\n[0.098229] Not locking \"/home/tmc/tmc-server/ext/tmc-sandbox/uml/output/rootfs.squashfs\" on the host\n[0.098695]  ubda: unknown partition table\n[0.099302]  ubdb: unknown partition table\n[0.099838]  ubdc: unknown partition table\n[0.099927] Choosing a random ethernet address for device eth0\n[0.099945] Netdevice 0 (56:a7:5c:cd:c3:0a) : \n[0.099954] TUN/TAP backend - IP = 192.168.100.1\n[0.126805] TMC customized initrd starting\r\n[0.153259] Not locking \"/home/tmc/tmc-server/ext/tmc-sandbox/uml/output/rootfs.squashfs\" on the host\n[0.184706] aufs test_add:305:mount[259]: uid/gid/perm /ro 0/0/0755, 0/0/01777\n[0.259904] Entering tmc-init\r\n[0.413446] warning: can't open /etc/fstab: No such file or directory\r\n[0.835745] Setting up network on TAP device with IP 192.168.100.1\r\n[0.915113] Using internal IP address 192.168.100.2\r\n[1.287280] Starting tmc-run\r\n[1.433028] Setting error_msg_locale\r\n[1.665112] Total RAM: 249696KB\r\n[1.766183] RAM used by ramdisk initially: 22356 KB\r\n[1.766463] Project type: java_simple\r\n[1.775574] Files in /tmc:\r\n[1.797171] .:\r\n[1.798423] total 16\r\n[1.799273] drwxrwxr-x  6 tmc  tmc   180 Sep  4 13:41 .\r\n[1.799346] drwxrwxrwt 28 root root  220 Sep  4 13:41 ..\r\n[1.799414] drwxrwxr-x  2 tmc  tmc   600 Sep  4 13:41 checkstyle-runner\r\n[1.799480] -rw-rw-r--  1 tmc  tmc    32 Sep  4 13:41 .gitignore\r\n[1.799544] drwxrwxr-x  3 tmc  tmc   100 Sep  4 13:41 lib\r\n[1.799608] drwxrwxr-x  2 tmc  tmc    60 Sep  4 13:41 src\r\n[1.799672] drwxrwxr-x  2 tmc  tmc    80 Sep  4 13:41 test\r\n[1.799735] -rw-rw-r--  1 tmc  tmc    52 Sep  4 13:41 .tmcparams\r\n[1.799799] -rwxrwxr-x  1 tmc  tmc  6764 Sep  4 13:41 tmc-run\r\n[1.799905] \r\n[1.799951] ./checkstyle-runner:\r\n[1.801882] total 21428\r\n[1.801949] drwxrwxr-x 2 tmc tmc     600 Sep  4 13:41 .\r\n[1.802012] drwxrwxr-x 6 tmc tmc     180 Sep  4 13:41 ..\r\n[1.802075] -rw-rw-r-- 1 tmc tmc  445288 Sep  4 13:41 antlr-2.7.7.jar\r\n[1.802137] -rw-rw-r-- 1 tmc tmc  660403 Sep  4 13:41 checkstyle-5.7.jar\r\n[1.802199] -rw-rw-r-- 1 tmc tmc  206711 Sep  4 13:41 commons-beanutils-core-1.8.3.jar\r\n[1.802261] -rw-rw-r-- 1 tmc tmc   41123 Sep  4 13:41 commons-cli-1.2.jar\r\n[1.802322] -rw-rw-r-- 1 tmc tmc  185140 Sep  4 13:41 commons-io-2.4.jar\r\n[1.802384] -rw-rw-r-- 1 tmc tmc   60686 Sep  4 13:41 commons-logging-1.1.1.jar\r\n[1.802446] -rw-rw-r-- 1 tmc tmc 2003263 Sep  4 13:41 guava-jdk5-14.0.1.jar\r\n[1.802508] -rw-rw-r-- 1 tmc tmc   45024 Sep  4 13:41 hamcrest-core-1.3.jar\r\n[1.802570] -rw-rw-r-- 1 tmc tmc   38605 Sep  4 13:41 jackson-annotations-2.4.0.jar\r\n[1.802645] -rw-rw-r-- 1 tmc tmc  225356 Sep  4 13:41 jackson-core-2.4.1.1.jar\r\n[1.802708] -rw-rw-r-- 1 tmc tmc 1074135 Sep  4 13:41 jackson-databind-2.4.1.3.jar\r\n[1.802770] -rw-rw-r-- 1 tmc tmc  324650 Sep  4 13:41 jackson-dataformat-yaml-2.4.1.jar\r\n[1.802832] -rw-rw-r-- 1 tmc tmc  714194 Sep  4 13:41 javassist-3.18.1-GA.jar\r\n[1.802894] -rw-rw-r-- 1 tmc tmc  245039 Sep  4 13:41 junit-4.11.jar\r\n[1.802956] -rw-rw-r-- 1 tmc tmc  489884 Sep  4 13:41 log4j-1.2.17.jar\r\n[1.803018] -rw-rw-r-- 1 tmc tmc 1581066 Sep  4 13:41 mockito-all-1.9.5.jar\r\n[1.803092] -rw-rw-r-- 1 tmc tmc   41755 Sep  4 13:41 objenesis-2.1.jar\r\n[1.803174] -rw-rw-r-- 1 tmc tmc   69751 Sep  4 13:41 powermock-api-mockito-1.5.4.jar\r\n[1.803239] -rw-rw-r-- 1 tmc tmc   18547 Sep  4 13:41 powermock-api-support-1.5.4.jar\r\n[1.803310] -rw-rw-r-- 1 tmc tmc   83895 Sep  4 13:41 powermock-core-1.5.4.jar\r\n[1.803372] -rw-rw-r-- 1 tmc tmc   23755 Sep  4 13:41 powermock-module-junit4-1.5.4.jar\r\n[1.803434] -rw-rw-r-- 1 tmc tmc   13509 Sep  4 13:41 powermock-module-junit4-common-1.5.4.jar\r\n[1.803496] -rw-rw-r-- 1 tmc tmc   43262 Sep  4 13:41 powermock-reflect-1.5.4.jar\r\n[1.803557] -rw-rw-r-- 1 tmc tmc   29257 Sep  4 13:41 slf4j-api-1.7.7.jar\r\n[1.803619] -rw-rw-r-- 1 tmc tmc    8870 Sep  4 13:41 slf4j-log4j12-1.7.7.jar\r\n[1.803711] -rw-rw-r-- 1 tmc tmc   18109 Sep  4 13:41 system-rules-1.5.0.jar\r\n[1.803775] -rw-rw-r-- 1 tmc tmc 5804816 Sep  4 13:41 tmc-checkstyle-runner.jar\r\n[1.803853] -rw-r--r-- 1 tmc tmc 7374386 Sep  4 13:41 tools.jar\r\n[1.803925] \r\n[1.803981] ./lib:\r\n[1.804405] total 268\r\n[1.804473] drwxrwxr-x 3 tmc tmc    100 Sep  4 13:41 .\r\n[1.804560] drwxrwxr-x 6 tmc tmc    180 Sep  4 13:41 ..\r\n[1.804624] -rw-rw-r-- 1 tmc tmc  18996 Sep  4 13:41 edu-test-utils.jar\r\n[1.804700] -rw-rw-r-- 1 tmc tmc 253160 Sep  4 13:41 junit-4.10.jar\r\n[1.804772] drwxrwxr-x 2 tmc tmc    120 Sep  4 13:41 testrunner\r\n[1.804842] \r\n[1.804886] ./lib/testrunner:\r\n[1.805316] total 500\r\n[1.805381] drwxrwxr-x 2 tmc tmc    120 Sep  4 13:41 .\r\n[1.805444] drwxrwxr-x 3 tmc tmc    100 Sep  4 13:41 ..\r\n[1.805508] -rw-rw-r-- 1 tmc tmc 190432 Sep  4 13:41 gson-2.2.4.jar\r\n[1.805625] -rw-rw-r-- 1 tmc tmc  45024 Sep  4 13:41 hamcrest-core-1.3.jar\r\n[1.805696] -rw-rw-r-- 1 tmc tmc 245039 Sep  4 13:41 junit-4.11.jar\r\n[1.805761] -rw-rw-r-- 1 tmc tmc  27709 Sep  4 13:41 tmc-junit-runner.jar\r\n[1.805830] \r\n[1.805873] ./src:\r\n[1.806127] total 4\r\n[1.806192] drwxrwxr-x 2 tmc tmc  60 Sep  4 13:41 .\r\n[1.806255] drwxrwxr-x 6 tmc tmc 180 Sep  4 13:41 ..\r\n[1.806319] -rw-rw-r-- 1 tmc tmc 772 Sep  4 13:41 SimpleStuff.java\r\n[1.806387] \r\n[1.806430] ./test:\r\n[1.806785] total 8\r\n[1.806851] drwxrwxr-x 2 tmc tmc  80 Sep  4 13:41 .\r\n[1.806915] drwxrwxr-x 6 tmc tmc 180 Sep  4 13:41 ..\r\n[1.806979] -rw-rw-r-- 1 tmc tmc 402 Sep  4 13:41 SimpleHiddenTest.java\r\n[1.807042] -rw-rw-r-- 1 tmc tmc 646 Sep  4 13:41 SimpleTest.java\r\n[1.808026] Compiling project...\r\n[2.008090] RAM used by ramdisk: 22356 KB\r\n[2.008319] RAM for sandbox: 32768 KB\r\n[2.008385] RAM for program: 194572 KB\r\n[9.037211] Running tests...\r\n[13.125999] 2015-09-04 13:42:08,673 [main] INFO  fi.helsinki.cs.tmc.stylerunner.configuration.TMCCheckstyleConfiguration - Configuration file not found, searching for custom default configuration.\r\n[13.126301] 2015-09-04 13:42:08,677 [main] INFO  fi.helsinki.cs.tmc.stylerunner.configuration.TMCCheckstyleConfiguration - Custom configuration not found, using default configuration.\r\n[20.519569] tmc-run completed successfully\r\n[20.536999] Completed tmc-run. Exit code: 0\r\n[20.700555] Shutting down...\r\n[20.707650] reboot: System halted\n[20.709049] \n","token":"6074232309125084059737579460146941688217659204542782641426138781412240479655886090267956552002419818","status":"finished","exit_code":"0"}; TI"€c8e4d0f1b39a35bfc19587b0b8eb2b78cf740f66177f4cdf3f756baf2110c0950b692a16ac1ada683c8605ad38e992fd05daf028aaf40dadc1798f2e0cab312c; TI"ÒI{"test_output":"[{\"className\":\"SimpleHiddenTest\",\"methodName\":\"testMultiply\",\"pointNames\":[\"both-test-files\",\"mul\"],\"message\":\"expected:\\u003c12\\u003e but was:\\u003c0\\u003e\",\"exception\":{\"className\":\"java.lang.AssertionError\",\"message\":\"expected:\\u003c12\\u003e but was:\\u003c0\\u003e\",\"stackTrace\":[{\"declaringClass\":\"org.junit.Assert\",\"methodName\":\"fail\",\"fileName\":\"Assert.java\",\"lineNumber\":88},{\"declaringClass\":\"org.junit.Assert\",\"methodName\":\"failNotEquals\",\"fileName\":\"Assert.java\",\"lineNumber\":743},{\"declaringClass\":\"org.junit.Assert\",\"methodName\":\"assertEquals\",\"fileName\":\"Assert.java\",\"lineNumber\":118},{\"declaringClass\":\"org.junit.Assert\",\"methodName\":\"assertEquals\",\"fileName\":\"Assert.java\",\"lineNumber\":555},{\"declaringClass\":\"org.junit.Assert\",\"methodName\":\"assertEquals\",\"fileName\":\"Assert.java\",\"lineNumber\":542},{\"declaringClass\":\"SimpleHiddenTest\",\"methodName\":\"testMultiply\",\"fileName\":\"SimpleHiddenTest.java\",\"lineNumber\":11},{\"declaringClass\":\"sun.reflect.NativeMethodAccessorImpl\",\"methodName\":\"invoke0\",\"fileName\":\"NativeMethodAccessorImpl.java\",\"lineNumber\":-2},{\"declaringClass\":\"sun.reflect.NativeMethodAccessorImpl\",\"methodName\":\"invoke\",\"fileName\":\"NativeMethodAccessorImpl.java\",\"lineNumber\":62},{\"declaringClass\":\"sun.reflect.DelegatingMethodAccessorImpl\",\"methodName\":\"invoke\",\"fileName\":\"DelegatingMethodAccessorImpl.java\",\"lineNumber\":43},{\"declaringClass\":\"java.lang.reflect.Method\",\"methodName\":\"invoke\",\"fileName\":\"Method.java\",\"lineNumber\":483},{\"declaringClass\":\"org.junit.runners.model.FrameworkMethod$1\",\"methodName\":\"runReflectiveCall\",\"fileName\":\"FrameworkMethod.java\",\"lineNumber\":47},{\"declaringClass\":\"org.junit.internal.runners.model.ReflectiveCallable\",\"methodName\":\"run\",\"fileName\":\"ReflectiveCallable.java\",\"lineNumber\":12},{\"declaringClass\":\"org.junit.runners.model.FrameworkMethod\",\"methodName\":\"invokeExplosively\",\"fileName\":\"FrameworkMethod.java\",\"lineNumber\":44},{\"declaringClass\":\"org.junit.internal.runners.statements.InvokeMethod\",\"methodName\":\"evaluate\",\"fileName\":\"InvokeMethod.java\",\"lineNumber\":17},{\"declaringClass\":\"org.junit.runners.ParentRunner\",\"methodName\":\"runLeaf\",\"fileName\":\"ParentRunner.java\",\"lineNumber\":271},{\"declaringClass\":\"org.junit.runners.BlockJUnit4ClassRunner\",\"methodName\":\"runChild\",\"fileName\":\"BlockJUnit4ClassRunner.java\",\"lineNumber\":70},{\"declaringClass\":\"org.junit.runners.BlockJUnit4ClassRunner\",\"methodName\":\"runChild\",\"fileName\":\"BlockJUnit4ClassRunner.java\",\"lineNumber\":50},{\"declaringClass\":\"org.junit.runners.ParentRunner$3\",\"methodName\":\"run\",\"fileName\":\"ParentRunner.java\",\"lineNumber\":238},{\"declaringClass\":\"org.junit.runners.ParentRunner$1\",\"methodName\":\"schedule\",\"fileName\":\"ParentRunner.java\",\"lineNumber\":63},{\"declaringClass\":\"org.junit.runners.ParentRunner\",\"methodName\":\"runChildren\",\"fileName\":\"ParentRunner.java\",\"lineNumber\":236},{\"declaringClass\":\"org.junit.runners.ParentRunner\",\"methodName\":\"access$000\",\"fileName\":\"ParentRunner.java\",\"lineNumber\":53},{\"declaringClass\":\"org.junit.runners.ParentRunner$2\",\"methodName\":\"evaluate\",\"fileName\":\"ParentRunner.java\",\"lineNumber\":229},{\"declaringClass\":\"org.junit.runners.ParentRunner\",\"methodName\":\"run\",\"fileName\":\"ParentRunner.java\",\"lineNumber\":309},{\"declaringClass\":\"fi.helsinki.cs.tmc.testrunner.TestRunner$TestingRunnable\",\"methodName\":\"runTestCase\",\"fileName\":\"TestRunner.java\",\"lineNumber\":134},{\"declaringClass\":\"fi.helsinki.cs.tmc.testrunner.TestRunner$TestingRunnable\",\"methodName\":\"doRun\",\"fileName\":\"TestRunner.java\",\"lineNumber\":89},{\"declaringClass\":\"fi.helsinki.cs.tmc.testrunner.TestRunner$TestingRunnable\",\"methodName\":\"run\",\"fileName\":\"TestRunner.java\",\"lineNumber\":70},{\"declaringClass\":\"java.lang.Thread\",\"methodName\":\"run\",\"fileName\":\"Thread.java\",\"lineNumber\":745}]},\"status\":\"FAILED\"},{\"className\":\"SimpleTest\",\"methodName\":\"testAdd\",\"pointNames\":[\"simpletest-all\",\"both-test-files\",\"addsub\"],\"status\":\"PASSED\"},{\"className\":\"SimpleTest\",\"methodName\":\"testSubtract\",\"pointNames\":[\"simpletest-all\",\"both-test-files\",\"addsub\",\"justsub\"],\"message\":\"expected:\\u003c3\\u003e but was:\\u003c0\\u003e\",\"exception\":{\"className\":\"java.lang.AssertionError\",\"message\":\"expected:\\u003c3\\u003e but was:\\u003c0\\u003e\",\"stackTrace\":[{\"declaringClass\":\"org.junit.Assert\",\"methodName\":\"fail\",\"fileName\":\"Assert.java\",\"lineNumber\":88},{\"declaringClass\":\"org.junit.Assert\",\"methodName\":\"failNotEquals\",\"fileName\":\"Assert.java\",\"lineNumber\":743},{\"declaringClass\":\"org.junit.Assert\",\"methodName\":\"assertEquals\",\"fileName\":\"Assert.java\",\"lineNumber\":118},{\"declaringClass\":\"org.junit.Assert\",\"methodName\":\"assertEquals\",\"fileName\":\"Assert.java\",\"lineNumber\":555},{\"declaringClass\":\"org.junit.Assert\",\"methodName\":\"assertEquals\",\"fileName\":\"Assert.java\",\"lineNumber\":542},{\"declaringClass\":\"SimpleTest\",\"methodName\":\"testSubtract\",\"fileName\":\"SimpleTest.java\",\"lineNumber\":18},{\"declaringClass\":\"sun.reflect.NativeMethodAccessorImpl\",\"methodName\":\"invoke0\",\"fileName\":\"NativeMethodAccessorImpl.java\",\"lineNumber\":-2},{\"declaringClass\":\"sun.reflect.NativeMethodAccessorImpl\",\"methodName\":\"invoke\",\"fileName\":\"NativeMethodAccessorImpl.java\",\"lineNumber\":62},{\"declaringClass\":\"sun.reflect.DelegatingMethodAccessorImpl\",\"methodName\":\"invoke\",\"fileName\":\"DelegatingMethodAccessorImpl.java\",\"lineNumber\":43},{\"declaringClass\":\"java.lang.reflect.Method\",\"methodName\":\"invoke\",\"fileName\":\"Method.java\",\"lineNumber\":483},{\"declaringClass\":\"org.junit.runners.model.FrameworkMethod$1\",\"methodName\":\"runReflectiveCall\",\"fileName\":\"FrameworkMethod.java\",\"lineNumber\":47},{\"declaringClass\":\"org.junit.internal.runners.model.ReflectiveCallable\",\"methodName\":\"run\",\"fileName\":\"ReflectiveCallable.java\",\"lineNumber\":12},{\"declaringClass\":\"org.junit.runners.model.FrameworkMethod\",\"methodName\":\"invokeExplosively\",\"fileName\":\"FrameworkMethod.java\",\"lineNumber\":44},{\"declaringClass\":\"org.junit.internal.runners.statements.InvokeMethod\",\"methodName\":\"evaluate\",\"fileName\":\"InvokeMethod.java\",\"lineNumber\":17},{\"declaringClass\":\"org.junit.runners.ParentRunner\",\"methodName\":\"runLeaf\",\"fileName\":\"ParentRunner.java\",\"lineNumber\":271},{\"declaringClass\":\"org.junit.runners.BlockJUnit4ClassRunner\",\"methodName\":\"runChild\",\"fileName\":\"BlockJUnit4ClassRunner.java\",\"lineNumber\":70},{\"declaringClass\":\"org.junit.runners.BlockJUnit4ClassRunner\",\"methodName\":\"runChild\",\"fileName\":\"BlockJUnit4ClassRunner.java\",\"lineNumber\":50},{\"declaringClass\":\"org.junit.runners.ParentRunner$3\",\"methodName\":\"run\",\"fileName\":\"ParentRunner.java\",\"lineNumber\":238},{\"declaringClass\":\"org.junit.runners.ParentRunner$1\",\"methodName\":\"schedule\",\"fileName\":\"ParentRunner.java\",\"lineNumber\":63},{\"declaringClass\":\"org.junit.runners.ParentRunner\",\"methodName\":\"runChildren\",\"fileName\":\"ParentRunner.java\",\"lineNumber\":236},{\"declaringClass\":\"org.junit.runners.ParentRunner\",\"methodName\":\"access$000\",\"fileName\":\"ParentRunner.java\",\"lineNumber\":53},{\"declaringClass\":\"org.junit.runners.ParentRunner$2\",\"methodName\":\"evaluate\",\"fileName\":\"ParentRunner.java\",\"lineNumber\":229},{\"declaringClass\":\"org.junit.runners.ParentRunner\",\"methodName\":\"run\",\"fileName\":\"ParentRunner.java\",\"lineNumber\":309},{\"declaringClass\":\"fi.helsinki.cs.tmc.testrunner.TestRunner$TestingRunnable\",\"methodName\":\"runTestCase\",\"fileName\":\"TestRunner.java\",\"lineNumber\":134},{\"declaringClass\":\"fi.helsinki.cs.tmc.testrunner.TestRunner$TestingRunnable\",\"methodName\":\"doRun\",\"fileName\":\"TestRunner.java\",\"lineNumber\":89},{\"declaringClass\":\"fi.helsinki.cs.tmc.testrunner.TestRunner$TestingRunnable\",\"methodName\":\"run\",\"fileName\":\"TestRunner.java\",\"lineNumber\":70},{\"declaringClass\":\"java.lang.Thread\",\"methodName\":\"run\",\"fileName\":\"Thread.java\",\"lineNumber\":745}]},\"status\":\"FAILED\"},{\"className\":\"SimpleTest\",\"methodName\":\"testEmptyMethod\",\"pointNames\":[\"simpletest-all\",\"both-test-files\"],\"status\":\"PASSED\"}]","stdout":"","stderr":"","valgrind":"","validations":"{\"strategy\":\"DISABLED\",\"validationErrors\":{}}","vm_log":"[0.010650] Checking that ptrace can change system call numbers...Core dump limits :\n[0.010736] \tsoft - 0\n[0.010748] \thard - NONE\n[0.010756] OK\n[0.010995] Checking syscall emulation patch for ptrace...Core dump limits :\n[0.011006] \tsoft - 0\n[0.011010] \thard - NONE\n[0.011071] OK\n[0.012437] Checking advanced syscall emulation patch for ptrace...Core dump limits :\n[0.012448] \tsoft - 0\n[0.012452] \thard - NONE\n[0.012525] OK\n[0.012698] Core dump limits :\n[0.012709] \tsoft - 0\n[0.012713] \thard - NONE\n[0.012717] Checking for tmpfs mount on /dev/shm.../run/shm...OK\n[0.012918] Checking PROT_EXEC mmap in /dev/shm/...OK\n[0.013019] Checking for the skas3 patch in the host:\n[0.013032]   - /proc/mm...not found: No such file or directory\n[0.013180]   - PTRACE_FAULTINFO...not found\n[0.013257] OK\n[0.013469]   - PTRACE_LDT...not found\n[0.013509] OK\n[0.016384] OK\n[0.016407] UML running in SKAS0 mode\n[0.016412] Adding 9830400 bytes to physical memory to account for exec-shield gap\n[0.127334] Linux version 3.11.10 (root@tmc) (gcc version 4.8.2 (Ubuntu 4.8.2-19ubuntu1) ) #1 Sun Aug 2 20:07:19 CEST 2015\n[0.127374] Built 1 zonelists in Zone order, mobility grouping on.  Total pages: 67007\n[0.127378] Kernel command line: initrd=/home/tmc/tmc-server/ext/tmc-sandbox/uml/output/initrd.img mem=256M uml_dir=/home/tmc/tmc-server/ext/tmc-sandbox/web/work/uml ubdarc=/home/tmc/tmc-server/ext/tmc-sandbox/uml/output/rootfs.squashfs ubdbr=/home/tmc/tmc-server/ext/tmc-sandbox/web/work/0/task.tar ubdc=/home/tmc/tmc-server/ext/tmc-sandbox/web/work/0/output.tar eth0=tuntap,tap_tmc0,,192.168.100.1 con=null,fd:1 root=98:0\n[0.127383] PID hash table entries: 2048 (order: 2, 16384 bytes)\n[0.127386] Dentry cache hash table entries: 65536 (order: 7, 524288 bytes)\n[0.127401] Inode-cache hash table entries: 32768 (order: 6, 262144 bytes)\n[0.127406] Sorting __ex_table...\n[0.127410] Memory: 249656K/271744K available (2100K kernel code, 188K rwdata, 1040K rodata, 97K init, 137K bss, 22088K reserved)\n[0.127413] NR_IRQS:15\n[0.127416] Calibrating delay loop... 5577.11 BogoMIPS (lpj=27885568)\n[0.127419] pid_max: default: 32768 minimum: 301\n[0.127422] Mount-cache hash table entries: 256\n[0.127431] Checking that host ptys support output SIGIO...Yes\n[0.127438] Checking that host ptys support SIGIO on close...No, enabling workaround\n[0.127441] Using 2.6 host AIO\n[0.127444] NET: Registered protocol family 16\n[0.127447] bio: create slab <bio-0> at 0\n[0.127451] Switched to clocksource itimer\n[0.127454] NET: Registered protocol family 2\n[0.127457] TCP established hash table entries: 4096 (order: 4, 65536 bytes)\n[0.127460] TCP bind hash table entries: 4096 (order: 3, 32768 bytes)\n[0.127468] TCP: Hash tables configured (established 4096 bind 4096)\n[0.127471] TCP: reno registered\n[0.127475] UDP hash table entries: 256 (order: 1, 8192 bytes)\n[0.127478] UDP-Lite hash table entries: 256 (order: 1, 8192 bytes)\n[0.127481] NET: Registered protocol family 1\n[0.127484] Unpacking initramfs...\n[0.127487] Freeing initrd memory: 588K (00000000617a4000 - 0000000061837000)\n[0.127490] squashfs: version 4.0 (2009/01/31) Phillip Lougher\n[0.127492] aufs 3.11-20141208\n[0.127495] msgmni has been set to 488\n[0.127504] io scheduler noop registered\n[0.127507] io scheduler deadline registered\n[0.127511] io scheduler cfq registered (default)\n[0.127514] loop: module loaded\n[0.127517] TCP: cubic registered\n[0.127519] NET: Registered protocol family 17\n[0.127523] Initialized stdio console driver\n[0.127526] Console initialized on /dev/tty0\n[0.127534] console [tty0] enabled\n[0.127544] Initializing software serial port version 1\n[0.128379] Not locking \"/home/tmc/tmc-server/ext/tmc-sandbox/uml/output/rootfs.squashfs\" on the